#-----------------------------------------------------------
# Vivado v2025.1 (64-bit)
# SW Build 6140274 on Thu May 22 00:12:29 MDT 2025
# IP Build 6138677 on Thu May 22 03:10:11 MDT 2025
# SharedData Build 6139179 on Tue May 20 17:58:58 MDT 2025
# Start of session at: Sun Sep 21 21:03:13 2025
# Process ID         : 26116
# Current directory  : C:/Coding/FPGA_REAL/FPGA/Scrolling_LEDs_2/project_1.runs/impl_1
# Command line       : vivado.exe -log scrolling_leds.vdi -applog -product Vivado -messageDb vivado.pb -mode batch -source scrolling_leds.tcl -notrace
# Log file           : C:/Coding/FPGA_REAL/FPGA/Scrolling_LEDs_2/project_1.runs/impl_1/scrolling_leds.vdi
# Journal file       : C:/Coding/FPGA_REAL/FPGA/Scrolling_LEDs_2/project_1.runs/impl_1\vivado.jou
# Running On         : Jacobs-Laptop
# Platform           : Windows Server 2016 or Windows 10
# Operating System   : 26100
# Processor Detail   : 12th Gen Intel(R) Core(TM) i5-12450H
# CPU Frequency      : 2496 MHz
# CPU Physical cores : 8
# CPU Logical cores  : 12
# Host memory        : 33982 MB
# Swap memory        : 6710 MB
# Total Virtual      : 40693 MB
# Available Virtual  : 20945 MB
#-----------------------------------------------------------
source scrolling_leds.tcl -notrace
