
*** Running vivado
    with args -log slow_clock.vdi -applog -m64 -product Vivado -messageDb vivado.pb -mode batch -source slow_clock.tcl -notrace



****** Vivado v2025.1 (64-bit)
  **** SW Build 6140274 on Thu May 22 00:12:29 MDT 2025
  **** IP Build 6138677 on Thu May 22 03:10:11 MDT 2025
  **** SharedData Build 6139179 on Tue May 20 17:58:58 MDT 2025
  **** Start of session at: Tue Oct 21 12:14:30 2025
    ** Copyright 1986-2022 Xilinx, Inc. All Rights Reserved.
    ** Copyright 2022-2025 Advanced Micro Devices, Inc. All Rights Reserved.

source slow_clock.tcl -notrace
create_project: Time (s): cpu = 00:00:10 ; elapsed = 00:00:06 . Memory (MB): peak = 492.988 ; gain = 213.379
Command: link_design -top slow_clock -part xc7a35tcpg236-1
Design is defaulting to srcset: sources_1
Design is defaulting to constrset: constrs_1
INFO: [Device 21-403] Loading part xc7a35tcpg236-1
Netlist sorting complete. Time (s): cpu = 00:00:00 ; elapsed = 00:00:00 . Memory (MB): peak = 684.898 ; gain = 0.000
INFO: [Project 1-479] Netlist was created with Vivado 2025.1
INFO: [Project 1-570] Preparing netlist for logic optimization
Parsing XDC File [C:/Users/vieta/OneDrive/Desktop/School Stuff/Fall 2025/FPGA/Project 2/project_1.srcs/constrs_1/new/leds.xdc]
WARNING: [Vivado 12-584] No ports matched 'CLK100MHZ'. [C:/Users/vieta/OneDrive/Desktop/School Stuff/Fall 2025/FPGA/Project 2/project_1.srcs/constrs_1/new/leds.xdc:2]
CRITICAL WARNING: [Common 17-55] 'set_property' expects at least one object. [C:/Users/vieta/OneDrive/Desktop/School Stuff/Fall 2025/FPGA/Project 2/project_1.srcs/constrs_1/new/leds.xdc:2]
Resolution: If [get_<value>] was used to populate the object, check to make sure this command returns at least one valid object.
WARNING: [Vivado 12-584] No ports matched 'CLK100MHZ'. [C:/Users/vieta/OneDrive/Desktop/School Stuff/Fall 2025/FPGA/Project 2/project_1.srcs/constrs_1/new/leds.xdc:3]
CRITICAL WARNING: [Common 17-55] 'set_property' expects at least one object. [C:/Users/vieta/OneDrive/Desktop/School Stuff/Fall 2025/FPGA/Project 2/project_1.srcs/constrs_1/new/leds.xdc:3]
Resolution: If [get_<value>] was used to populate the object, check to make sure this command returns at least one valid object.
WARNING: [Vivado 12-584] No ports matched 'CLK100MHZ'. [C:/Users/vieta/OneDrive/Desktop/School Stuff/Fall 2025/FPGA/Project 2/project_1.srcs/constrs_1/new/leds.xdc:4]
CRITICAL WARNING: [Vivado 12-4739] create_clock:No valid object(s) found for '-objects [get_ports CLK100MHZ]'. [C:/Users/vieta/OneDrive/Desktop/School Stuff/Fall 2025/FPGA/Project 2/project_1.srcs/constrs_1/new/leds.xdc:4]
Resolution: Check if the specified object(s) exists in the current design. If it does, ensure that the correct design hierarchy was specified for the object. If you are working with clocks, make sure create_clock was used to create the clock object before it is referenced.
WARNING: [Vivado 12-584] No ports matched 'sw[0]'. [C:/Users/vieta/OneDrive/Desktop/School Stuff/Fall 2025/FPGA/Project 2/project_1.srcs/constrs_1/new/leds.xdc:7]
CRITICAL WARNING: [Common 17-55] 'set_property' expects at least one object. [C:/Users/vieta/OneDrive/Desktop/School Stuff/Fall 2025/FPGA/Project 2/project_1.srcs/constrs_1/new/leds.xdc:7]
Resolution: If [get_<value>] was used to populate the object, check to make sure this command returns at least one valid object.
WARNING: [Vivado 12-584] No ports matched 'sw[0]'. [C:/Users/vieta/OneDrive/Desktop/School Stuff/Fall 2025/FPGA/Project 2/project_1.srcs/constrs_1/new/leds.xdc:8]
CRITICAL WARNING: [Common 17-55] 'set_property' expects at least one object. [C:/Users/vieta/OneDrive/Desktop/School Stuff/Fall 2025/FPGA/Project 2/project_1.srcs/constrs_1/new/leds.xdc:8]
Resolution: If [get_<value>] was used to populate the object, check to make sure this command returns at least one valid object.
WARNING: [Vivado 12-584] No ports matched 'sw[1]'. [C:/Users/vieta/OneDrive/Desktop/School Stuff/Fall 2025/FPGA/Project 2/project_1.srcs/constrs_1/new/leds.xdc:9]
CRITICAL WARNING: [Common 17-55] 'set_property' expects at least one object. [C:/Users/vieta/OneDrive/Desktop/School Stuff/Fall 2025/FPGA/Project 2/project_1.srcs/constrs_1/new/leds.xdc:9]
Resolution: If [get_<value>] was used to populate the object, check to make sure this command returns at least one valid object.
WARNING: [Vivado 12-584] No ports matched 'sw[1]'. [C:/Users/vieta/OneDrive/Desktop/School Stuff/Fall 2025/FPGA/Project 2/project_1.srcs/constrs_1/new/leds.xdc:10]
CRITICAL WARNING: [Common 17-55] 'set_property' expects at least one object. [C:/Users/vieta/OneDrive/Desktop/School Stuff/Fall 2025/FPGA/Project 2/project_1.srcs/constrs_1/new/leds.xdc:10]
Resolution: If [get_<value>] was used to populate the object, check to make sure this command returns at least one valid object.
WARNING: [Vivado 12-584] No ports matched 'sw[2]'. [C:/Users/vieta/OneDrive/Desktop/School Stuff/Fall 2025/FPGA/Project 2/project_1.srcs/constrs_1/new/leds.xdc:11]
CRITICAL WARNING: [Common 17-55] 'set_property' expects at least one object. [C:/Users/vieta/OneDrive/Desktop/School Stuff/Fall 2025/FPGA/Project 2/project_1.srcs/constrs_1/new/leds.xdc:11]
Resolution: If [get_<value>] was used to populate the object, check to make sure this command returns at least one valid object.
WARNING: [Vivado 12-584] No ports matched 'sw[2]'. [C:/Users/vieta/OneDrive/Desktop/School Stuff/Fall 2025/FPGA/Project 2/project_1.srcs/constrs_1/new/leds.xdc:12]
CRITICAL WARNING: [Common 17-55] 'set_property' expects at least one object. [C:/Users/vieta/OneDrive/Desktop/School Stuff/Fall 2025/FPGA/Project 2/project_1.srcs/constrs_1/new/leds.xdc:12]
Resolution: If [get_<value>] was used to populate the object, check to make sure this command returns at least one valid object.
WARNING: [Vivado 12-584] No ports matched 'sw[3]'. [C:/Users/vieta/OneDrive/Desktop/School Stuff/Fall 2025/FPGA/Project 2/project_1.srcs/constrs_1/new/leds.xdc:13]
CRITICAL WARNING: [Common 17-55] 'set_property' expects at least one object. [C:/Users/vieta/OneDrive/Desktop/School Stuff/Fall 2025/FPGA/Project 2/project_1.srcs/constrs_1/new/leds.xdc:13]
Resolution: If [get_<value>] was used to populate the object, check to make sure this command returns at least one valid object.
WARNING: [Vivado 12-584] No ports matched 'sw[3]'. [C:/Users/vieta/OneDrive/Desktop/School Stuff/Fall 2025/FPGA/Project 2/project_1.srcs/constrs_1/new/leds.xdc:14]
CRITICAL WARNING: [Common 17-55] 'set_property' expects at least one object. [C:/Users/vieta/OneDrive/Desktop/School Stuff/Fall 2025/FPGA/Project 2/project_1.srcs/constrs_1/new/leds.xdc:14]
Resolution: If [get_<value>] was used to populate the object, check to make sure this command returns at least one valid object.
WARNING: [Vivado 12-584] No ports matched 'sw[4]'. [C:/Users/vieta/OneDrive/Desktop/School Stuff/Fall 2025/FPGA/Project 2/project_1.srcs/constrs_1/new/leds.xdc:15]
CRITICAL WARNING: [Common 17-55] 'set_property' expects at least one object. [C:/Users/vieta/OneDrive/Desktop/School Stuff/Fall 2025/FPGA/Project 2/project_1.srcs/constrs_1/new/leds.xdc:15]
Resolution: If [get_<value>] was used to populate the object, check to make sure this command returns at least one valid object.
WARNING: [Vivado 12-584] No ports matched 'sw[4]'. [C:/Users/vieta/OneDrive/Desktop/School Stuff/Fall 2025/FPGA/Project 2/project_1.srcs/constrs_1/new/leds.xdc:16]
CRITICAL WARNING: [Common 17-55] 'set_property' expects at least one object. [C:/Users/vieta/OneDrive/Desktop/School Stuff/Fall 2025/FPGA/Project 2/project_1.srcs/constrs_1/new/leds.xdc:16]
Resolution: If [get_<value>] was used to populate the object, check to make sure this command returns at least one valid object.
WARNING: [Vivado 12-584] No ports matched 'sw[5]'. [C:/Users/vieta/OneDrive/Desktop/School Stuff/Fall 2025/FPGA/Project 2/project_1.srcs/constrs_1/new/leds.xdc:17]
CRITICAL WARNING: [Common 17-55] 'set_property' expects at least one object. [C:/Users/vieta/OneDrive/Desktop/School Stuff/Fall 2025/FPGA/Project 2/project_1.srcs/constrs_1/new/leds.xdc:17]
Resolution: If [get_<value>] was used to populate the object, check to make sure this command returns at least one valid object.
WARNING: [Vivado 12-584] No ports matched 'sw[5]'. [C:/Users/vieta/OneDrive/Desktop/School Stuff/Fall 2025/FPGA/Project 2/project_1.srcs/constrs_1/new/leds.xdc:18]
CRITICAL WARNING: [Common 17-55] 'set_property' expects at least one object. [C:/Users/vieta/OneDrive/Desktop/School Stuff/Fall 2025/FPGA/Project 2/project_1.srcs/constrs_1/new/leds.xdc:18]
Resolution: If [get_<value>] was used to populate the object, check to make sure this command returns at least one valid object.
WARNING: [Vivado 12-584] No ports matched 'seg[0]'. [C:/Users/vieta/OneDrive/Desktop/School Stuff/Fall 2025/FPGA/Project 2/project_1.srcs/constrs_1/new/leds.xdc:21]
CRITICAL WARNING: [Common 17-55] 'set_property' expects at least one object. [C:/Users/vieta/OneDrive/Desktop/School Stuff/Fall 2025/FPGA/Project 2/project_1.srcs/constrs_1/new/leds.xdc:21]
Resolution: If [get_<value>] was used to populate the object, check to make sure this command returns at least one valid object.
WARNING: [Vivado 12-584] No ports matched 'seg[0]'. [C:/Users/vieta/OneDrive/Desktop/School Stuff/Fall 2025/FPGA/Project 2/project_1.srcs/constrs_1/new/leds.xdc:22]
CRITICAL WARNING: [Common 17-55] 'set_property' expects at least one object. [C:/Users/vieta/OneDrive/Desktop/School Stuff/Fall 2025/FPGA/Project 2/project_1.srcs/constrs_1/new/leds.xdc:22]
Resolution: If [get_<value>] was used to populate the object, check to make sure this command returns at least one valid object.
WARNING: [Vivado 12-584] No ports matched 'seg[1]'. [C:/Users/vieta/OneDrive/Desktop/School Stuff/Fall 2025/FPGA/Project 2/project_1.srcs/constrs_1/new/leds.xdc:23]
CRITICAL WARNING: [Common 17-55] 'set_property' expects at least one object. [C:/Users/vieta/OneDrive/Desktop/School Stuff/Fall 2025/FPGA/Project 2/project_1.srcs/constrs_1/new/leds.xdc:23]
Resolution: If [get_<value>] was used to populate the object, check to make sure this command returns at least one valid object.
WARNING: [Vivado 12-584] No ports matched 'seg[1]'. [C:/Users/vieta/OneDrive/Desktop/School Stuff/Fall 2025/FPGA/Project 2/project_1.srcs/constrs_1/new/leds.xdc:24]
CRITICAL WARNING: [Common 17-55] 'set_property' expects at least one object. [C:/Users/vieta/OneDrive/Desktop/School Stuff/Fall 2025/FPGA/Project 2/project_1.srcs/constrs_1/new/leds.xdc:24]
Resolution: If [get_<value>] was used to populate the object, check to make sure this command returns at least one valid object.
WARNING: [Vivado 12-584] No ports matched 'seg[2]'. [C:/Users/vieta/OneDrive/Desktop/School Stuff/Fall 2025/FPGA/Project 2/project_1.srcs/constrs_1/new/leds.xdc:25]
CRITICAL WARNING: [Common 17-55] 'set_property' expects at least one object. [C:/Users/vieta/OneDrive/Desktop/School Stuff/Fall 2025/FPGA/Project 2/project_1.srcs/constrs_1/new/leds.xdc:25]
Resolution: If [get_<value>] was used to populate the object, check to make sure this command returns at least one valid object.
WARNING: [Vivado 12-584] No ports matched 'seg[2]'. [C:/Users/vieta/OneDrive/Desktop/School Stuff/Fall 2025/FPGA/Project 2/project_1.srcs/constrs_1/new/leds.xdc:26]
CRITICAL WARNING: [Common 17-55] 'set_property' expects at least one object. [C:/Users/vieta/OneDrive/Desktop/School Stuff/Fall 2025/FPGA/Project 2/project_1.srcs/constrs_1/new/leds.xdc:26]
Resolution: If [get_<value>] was used to populate the object, check to make sure this command returns at least one valid object.
WARNING: [Vivado 12-584] No ports matched 'seg[3]'. [C:/Users/vieta/OneDrive/Desktop/School Stuff/Fall 2025/FPGA/Project 2/project_1.srcs/constrs_1/new/leds.xdc:27]
CRITICAL WARNING: [Common 17-55] 'set_property' expects at least one object. [C:/Users/vieta/OneDrive/Desktop/School Stuff/Fall 2025/FPGA/Project 2/project_1.srcs/constrs_1/new/leds.xdc:27]
Resolution: If [get_<value>] was used to populate the object, check to make sure this command returns at least one valid object.
WARNING: [Vivado 12-584] No ports matched 'seg[3]'. [C:/Users/vieta/OneDrive/Desktop/School Stuff/Fall 2025/FPGA/Project 2/project_1.srcs/constrs_1/new/leds.xdc:28]
CRITICAL WARNING: [Common 17-55] 'set_property' expects at least one object. [C:/Users/vieta/OneDrive/Desktop/School Stuff/Fall 2025/FPGA/Project 2/project_1.srcs/constrs_1/new/leds.xdc:28]
Resolution: If [get_<value>] was used to populate the object, check to make sure this command returns at least one valid object.
WARNING: [Vivado 12-584] No ports matched 'seg[4]'. [C:/Users/vieta/OneDrive/Desktop/School Stuff/Fall 2025/FPGA/Project 2/project_1.srcs/constrs_1/new/leds.xdc:29]
CRITICAL WARNING: [Common 17-55] 'set_property' expects at least one object. [C:/Users/vieta/OneDrive/Desktop/School Stuff/Fall 2025/FPGA/Project 2/project_1.srcs/constrs_1/new/leds.xdc:29]
Resolution: If [get_<value>] was used to populate the object, check to make sure this command returns at least one valid object.
WARNING: [Vivado 12-584] No ports matched 'seg[4]'. [C:/Users/vieta/OneDrive/Desktop/School Stuff/Fall 2025/FPGA/Project 2/project_1.srcs/constrs_1/new/leds.xdc:30]
CRITICAL WARNING: [Common 17-55] 'set_property' expects at least one object. [C:/Users/vieta/OneDrive/Desktop/School Stuff/Fall 2025/FPGA/Project 2/project_1.srcs/constrs_1/new/leds.xdc:30]
Resolution: If [get_<value>] was used to populate the object, check to make sure this command returns at least one valid object.
WARNING: [Vivado 12-584] No ports matched 'seg[5]'. [C:/Users/vieta/OneDrive/Desktop/School Stuff/Fall 2025/FPGA/Project 2/project_1.srcs/constrs_1/new/leds.xdc:31]
CRITICAL WARNING: [Common 17-55] 'set_property' expects at least one object. [C:/Users/vieta/OneDrive/Desktop/School Stuff/Fall 2025/FPGA/Project 2/project_1.srcs/constrs_1/new/leds.xdc:31]
Resolution: If [get_<value>] was used to populate the object, check to make sure this command returns at least one valid object.
WARNING: [Vivado 12-584] No ports matched 'seg[5]'. [C:/Users/vieta/OneDrive/Desktop/School Stuff/Fall 2025/FPGA/Project 2/project_1.srcs/constrs_1/new/leds.xdc:32]
CRITICAL WARNING: [Common 17-55] 'set_property' expects at least one object. [C:/Users/vieta/OneDrive/Desktop/School Stuff/Fall 2025/FPGA/Project 2/project_1.srcs/constrs_1/new/leds.xdc:32]
Resolution: If [get_<value>] was used to populate the object, check to make sure this command returns at least one valid object.
WARNING: [Vivado 12-584] No ports matched 'seg[6]'. [C:/Users/vieta/OneDrive/Desktop/School Stuff/Fall 2025/FPGA/Project 2/project_1.srcs/constrs_1/new/leds.xdc:33]
CRITICAL WARNING: [Common 17-55] 'set_property' expects at least one object. [C:/Users/vieta/OneDrive/Desktop/School Stuff/Fall 2025/FPGA/Project 2/project_1.srcs/constrs_1/new/leds.xdc:33]
Resolution: If [get_<value>] was used to populate the object, check to make sure this command returns at least one valid object.
WARNING: [Vivado 12-584] No ports matched 'seg[6]'. [C:/Users/vieta/OneDrive/Desktop/School Stuff/Fall 2025/FPGA/Project 2/project_1.srcs/constrs_1/new/leds.xdc:34]
CRITICAL WARNING: [Common 17-55] 'set_property' expects at least one object. [C:/Users/vieta/OneDrive/Desktop/School Stuff/Fall 2025/FPGA/Project 2/project_1.srcs/constrs_1/new/leds.xdc:34]
Resolution: If [get_<value>] was used to populate the object, check to make sure this command returns at least one valid object.
WARNING: [Vivado 12-584] No ports matched 'an[0]'. [C:/Users/vieta/OneDrive/Desktop/School Stuff/Fall 2025/FPGA/Project 2/project_1.srcs/constrs_1/new/leds.xdc:37]
CRITICAL WARNING: [Common 17-55] 'set_property' expects at least one object. [C:/Users/vieta/OneDrive/Desktop/School Stuff/Fall 2025/FPGA/Project 2/project_1.srcs/constrs_1/new/leds.xdc:37]
Resolution: If [get_<value>] was used to populate the object, check to make sure this command returns at least one valid object.
WARNING: [Vivado 12-584] No ports matched 'an[0]'. [C:/Users/vieta/OneDrive/Desktop/School Stuff/Fall 2025/FPGA/Project 2/project_1.srcs/constrs_1/new/leds.xdc:38]
CRITICAL WARNING: [Common 17-55] 'set_property' expects at least one object. [C:/Users/vieta/OneDrive/Desktop/School Stuff/Fall 2025/FPGA/Project 2/project_1.srcs/constrs_1/new/leds.xdc:38]
Resolution: If [get_<value>] was used to populate the object, check to make sure this command returns at least one valid object.
WARNING: [Vivado 12-584] No ports matched 'an[1]'. [C:/Users/vieta/OneDrive/Desktop/School Stuff/Fall 2025/FPGA/Project 2/project_1.srcs/constrs_1/new/leds.xdc:39]
CRITICAL WARNING: [Common 17-55] 'set_property' expects at least one object. [C:/Users/vieta/OneDrive/Desktop/School Stuff/Fall 2025/FPGA/Project 2/project_1.srcs/constrs_1/new/leds.xdc:39]
Resolution: If [get_<value>] was used to populate the object, check to make sure this command returns at least one valid object.
WARNING: [Vivado 12-584] No ports matched 'an[1]'. [C:/Users/vieta/OneDrive/Desktop/School Stuff/Fall 2025/FPGA/Project 2/project_1.srcs/constrs_1/new/leds.xdc:40]
CRITICAL WARNING: [Common 17-55] 'set_property' expects at least one object. [C:/Users/vieta/OneDrive/Desktop/School Stuff/Fall 2025/FPGA/Project 2/project_1.srcs/constrs_1/new/leds.xdc:40]
Resolution: If [get_<value>] was used to populate the object, check to make sure this command returns at least one valid object.
WARNING: [Vivado 12-584] No ports matched 'an[2]'. [C:/Users/vieta/OneDrive/Desktop/School Stuff/Fall 2025/FPGA/Project 2/project_1.srcs/constrs_1/new/leds.xdc:41]
CRITICAL WARNING: [Common 17-55] 'set_property' expects at least one object. [C:/Users/vieta/OneDrive/Desktop/School Stuff/Fall 2025/FPGA/Project 2/project_1.srcs/constrs_1/new/leds.xdc:41]
Resolution: If [get_<value>] was used to populate the object, check to make sure this command returns at least one valid object.
WARNING: [Vivado 12-584] No ports matched 'an[2]'. [C:/Users/vieta/OneDrive/Desktop/School Stuff/Fall 2025/FPGA/Project 2/project_1.srcs/constrs_1/new/leds.xdc:42]
CRITICAL WARNING: [Common 17-55] 'set_property' expects at least one object. [C:/Users/vieta/OneDrive/Desktop/School Stuff/Fall 2025/FPGA/Project 2/project_1.srcs/constrs_1/new/leds.xdc:42]
Resolution: If [get_<value>] was used to populate the object, check to make sure this command returns at least one valid object.
WARNING: [Vivado 12-584] No ports matched 'an[3]'. [C:/Users/vieta/OneDrive/Desktop/School Stuff/Fall 2025/FPGA/Project 2/project_1.srcs/constrs_1/new/leds.xdc:43]
CRITICAL WARNING: [Common 17-55] 'set_property' expects at least one object. [C:/Users/vieta/OneDrive/Desktop/School Stuff/Fall 2025/FPGA/Project 2/project_1.srcs/constrs_1/new/leds.xdc:43]
Resolution: If [get_<value>] was used to populate the object, check to make sure this command returns at least one valid object.
WARNING: [Vivado 12-584] No ports matched 'an[3]'. [C:/Users/vieta/OneDrive/Desktop/School Stuff/Fall 2025/FPGA/Project 2/project_1.srcs/constrs_1/new/leds.xdc:44]
CRITICAL WARNING: [Common 17-55] 'set_property' expects at least one object. [C:/Users/vieta/OneDrive/Desktop/School Stuff/Fall 2025/FPGA/Project 2/project_1.srcs/constrs_1/new/leds.xdc:44]
Resolution: If [get_<value>] was used to populate the object, check to make sure this command returns at least one valid object.
Finished Parsing XDC File [C:/Users/vieta/OneDrive/Desktop/School Stuff/Fall 2025/FPGA/Project 2/project_1.srcs/constrs_1/new/leds.xdc]
INFO: [Opt 31-138] Pushed 0 inverter(s) to 0 load pin(s).
Netlist sorting complete. Time (s): cpu = 00:00:00 ; elapsed = 00:00:00 . Memory (MB): peak = 810.223 ; gain = 0.000
INFO: [Project 1-111] Unisim Transformation Summary:
No Unisim elements were transformed.

5 Infos, 37 Warnings, 37 Critical Warnings and 0 Errors encountered.
link_design completed successfully
Command: opt_design
Attempting to get a license for feature 'Implementation' and/or device 'xc7a35t'
INFO: [Common 17-349] Got license for feature 'Implementation' and/or device 'xc7a35t'
Running DRC as a precondition to command opt_design

Starting DRC Task
INFO: [DRC 23-27] Running DRC with 2 threads
INFO: [Project 1-461] DRC finished with 0 Errors
INFO: [Project 1-462] Please refer to the DRC report (report_drc) for more information.

Time (s): cpu = 00:00:00 ; elapsed = 00:00:00.645 . Memory (MB): peak = 818.422 ; gain = 8.199

Starting Cache Timing Information Task
INFO: [Timing 38-35] Done setting XDC timing constraints.
Ending Cache Timing Information Task | Checksum: 18a6c4658

Time (s): cpu = 00:00:08 ; elapsed = 00:00:08 . Memory (MB): peak = 1298.539 ; gain = 480.117

Starting Logic Optimization Task

Phase 1 Initialization

Phase 1.1 Core Generation And Design Setup
Phase 1.1 Core Generation And Design Setup | Checksum: 18a6c4658

Time (s): cpu = 00:00:00 ; elapsed = 00:00:00.001 . Memory (MB): peak = 1729.609 ; gain = 0.000

Phase 1.2 Setup Constraints And Sort Netlist
Phase 1.2 Setup Constraints And Sort Netlist | Checksum: 18a6c4658

Time (s): cpu = 00:00:00 ; elapsed = 00:00:00.002 . Memory (MB): peak = 1729.609 ; gain = 0.000
Phase 1 Initialization | Checksum: 18a6c4658

Time (s): cpu = 00:00:00 ; elapsed = 00:00:00.002 . Memory (MB): peak = 1729.609 ; gain = 0.000

Phase 2 Timer Update And Timing Data Collection

Phase 2.1 Timer Update
Phase 2.1 Timer Update | Checksum: 18a6c4658

Time (s): cpu = 00:00:00 ; elapsed = 00:00:00.003 . Memory (MB): peak = 1729.609 ; gain = 0.000

Phase 2.2 Timing Data Collection
Phase 2.2 Timing Data Collection | Checksum: 18a6c4658

Time (s): cpu = 00:00:00 ; elapsed = 00:00:00.008 . Memory (MB): peak = 1729.609 ; gain = 0.000
Phase 2 Timer Update And Timing Data Collection | Checksum: 18a6c4658

Time (s): cpu = 00:00:00 ; elapsed = 00:00:00.008 . Memory (MB): peak = 1729.609 ; gain = 0.000

Phase 3 Retarget
INFO: [Opt 31-1851] Number of loadless carry chains removed were: 0
INFO: [Opt 31-1834] Total Chains To Be Transformed Were: 0 AND Number of Transformed insts Created are: 0
INFO: [Opt 31-138] Pushed 0 inverter(s) to 0 load pin(s).
INFO: [Opt 31-49] Retargeted 0 cell(s).
Phase 3 Retarget | Checksum: 18a6c4658

Time (s): cpu = 00:00:00 ; elapsed = 00:00:00.011 . Memory (MB): peak = 1729.609 ; gain = 0.000
Retarget | Checksum: 18a6c4658
INFO: [Opt 31-389] Phase Retarget created 0 cells and removed 0 cells

Phase 4 Constant propagation
INFO: [Opt 31-138] Pushed 0 inverter(s) to 0 load pin(s).
Phase 4 Constant propagation | Checksum: 18a6c4658

Time (s): cpu = 00:00:00 ; elapsed = 00:00:00.012 . Memory (MB): peak = 1729.609 ; gain = 0.000
Constant propagation | Checksum: 18a6c4658
INFO: [Opt 31-389] Phase Constant propagation created 0 cells and removed 0 cells

Phase 5 Sweep
INFO: [Constraints 18-11670] Building netlist checker database with flags, 0x8
Done building netlist checker database: Time (s): cpu = 00:00:00 ; elapsed = 00:00:00 . Memory (MB): peak = 1729.609 ; gain = 0.000
Phase 5 Sweep | Checksum: 18a6c4658

Time (s): cpu = 00:00:00 ; elapsed = 00:00:00.013 . Memory (MB): peak = 1729.609 ; gain = 0.000
Sweep | Checksum: 18a6c4658
INFO: [Opt 31-389] Phase Sweep created 0 cells and removed 0 cells

Phase 6 BUFG optimization
Phase 6 BUFG optimization | Checksum: 18a6c4658

Time (s): cpu = 00:00:00 ; elapsed = 00:00:00.041 . Memory (MB): peak = 1729.609 ; gain = 0.000
BUFG optimization | Checksum: 18a6c4658
INFO: [Opt 31-662] Phase BUFG optimization created 0 cells of which 0 are BUFGs and removed 0 cells.

Phase 7 Shift Register Optimization
INFO: [Opt 31-1064] SRL Remap converted 0 SRLs to 0 registers and converted 0 registers of register chains to 0 SRLs
Phase 7 Shift Register Optimization | Checksum: 18a6c4658

Time (s): cpu = 00:00:00 ; elapsed = 00:00:00.042 . Memory (MB): peak = 1729.609 ; gain = 0.000
Shift Register Optimization | Checksum: 18a6c4658
INFO: [Opt 31-389] Phase Shift Register Optimization created 0 cells and removed 0 cells

Phase 8 Post Processing Netlist
Phase 8 Post Processing Netlist | Checksum: 18a6c4658

Time (s): cpu = 00:00:00 ; elapsed = 00:00:00.043 . Memory (MB): peak = 1729.609 ; gain = 0.000
Post Processing Netlist | Checksum: 18a6c4658
INFO: [Opt 31-389] Phase Post Processing Netlist created 0 cells and removed 0 cells

Phase 9 Finalization

Phase 9.1 Finalizing Design Cores and Updating Shapes
Phase 9.1 Finalizing Design Cores and Updating Shapes | Checksum: 18a6c4658

Time (s): cpu = 00:00:00 ; elapsed = 00:00:00.044 . Memory (MB): peak = 1729.609 ; gain = 0.000

Phase 9.2 Verifying Netlist Connectivity

Starting Connectivity Check Task

Time (s): cpu = 00:00:00 ; elapsed = 00:00:00.006 . Memory (MB): peak = 1729.609 ; gain = 0.000
Phase 9.2 Verifying Netlist Connectivity | Checksum: 18a6c4658

Time (s): cpu = 00:00:00 ; elapsed = 00:00:00.050 . Memory (MB): peak = 1729.609 ; gain = 0.000
Phase 9 Finalization | Checksum: 18a6c4658

Time (s): cpu = 00:00:00 ; elapsed = 00:00:00.051 . Memory (MB): peak = 1729.609 ; gain = 0.000
Opt_design Change Summary
=========================


-------------------------------------------------------------------------------------------------------------------------
|  Phase                        |  #Cells created  |  #Cells Removed  |  #Constrained objects preventing optimizations  |
-------------------------------------------------------------------------------------------------------------------------
|  Retarget                     |               0  |               0  |                                              0  |
|  Constant propagation         |               0  |               0  |                                              0  |
|  Sweep                        |               0  |               0  |                                              0  |
|  BUFG optimization            |               0  |               0  |                                              0  |
|  Shift Register Optimization  |               0  |               0  |                                              0  |
|  Post Processing Netlist      |               0  |               0  |                                              0  |
-------------------------------------------------------------------------------------------------------------------------


Ending Logic Optimization Task | Checksum: 18a6c4658

Time (s): cpu = 00:00:00 ; elapsed = 00:00:00.052 . Memory (MB): peak = 1729.609 ; gain = 0.000

Starting Power Optimization Task
INFO: [Pwropt 34-132] Skipping clock gating for clocks with a period < 2.00 ns.
Ending Power Optimization Task | Checksum: 18a6c4658

Time (s): cpu = 00:00:00 ; elapsed = 00:00:00.007 . Memory (MB): peak = 1729.609 ; gain = 0.000

Starting Final Cleanup Task
Ending Final Cleanup Task | Checksum: 18a6c4658

Time (s): cpu = 00:00:00 ; elapsed = 00:00:00 . Memory (MB): peak = 1729.609 ; gain = 0.000

Starting Netlist Obfuscation Task
Netlist sorting complete. Time (s): cpu = 00:00:00 ; elapsed = 00:00:00 . Memory (MB): peak = 1729.609 ; gain = 0.000
Ending Netlist Obfuscation Task | Checksum: 18a6c4658

Time (s): cpu = 00:00:00 ; elapsed = 00:00:00 . Memory (MB): peak = 1729.609 ; gain = 0.000
INFO: [Common 17-83] Releasing license: Implementation
25 Infos, 37 Warnings, 37 Critical Warnings and 0 Errors encountered.
opt_design completed successfully
opt_design: Time (s): cpu = 00:00:11 ; elapsed = 00:00:12 . Memory (MB): peak = 1729.609 ; gain = 919.387
INFO: [Vivado 12-24828] Executing command : report_drc -file slow_clock_drc_opted.rpt -pb slow_clock_drc_opted.pb -rpx slow_clock_drc_opted.rpx
Command: report_drc -file slow_clock_drc_opted.rpt -pb slow_clock_drc_opted.pb -rpx slow_clock_drc_opted.rpx
INFO: [IP_Flow 19-234] Refreshing IP repositories
INFO: [IP_Flow 19-1704] No user IP repositories specified
INFO: [IP_Flow 19-2313] Loaded Vivado IP repository 'C:/Xilinx/2025.1/Vivado/data/ip'.
INFO: [DRC 23-27] Running DRC with 2 threads
INFO: [Vivado_Tcl 2-168] The results of DRC are in file C:/Users/vieta/OneDrive/Desktop/School Stuff/Fall 2025/FPGA/Project 2/project_1.runs/impl_1/slow_clock_drc_opted.rpt.
report_drc completed successfully
INFO: [Timing 38-480] Writing timing data to binary archive.
INFO: [Common 17-1381] The checkpoint 'C:/Users/vieta/OneDrive/Desktop/School Stuff/Fall 2025/FPGA/Project 2/project_1.runs/impl_1/slow_clock_opt.dcp' has been generated.
Command: place_design
Attempting to get a license for feature 'Implementation' and/or device 'xc7a35t'
INFO: [Common 17-349] Got license for feature 'Implementation' and/or device 'xc7a35t'
INFO: [Common 17-83] Releasing license: Implementation
INFO: [DRC 23-27] Running DRC with 2 threads
INFO: [Vivado_Tcl 4-198] DRC finished with 0 Errors
INFO: [Vivado_Tcl 4-199] Please refer to the DRC report (report_drc) for more information.
Running DRC as a precondition to command place_design
INFO: [DRC 23-27] Running DRC with 2 threads
INFO: [Vivado_Tcl 4-198] DRC finished with 0 Errors
INFO: [Vivado_Tcl 4-199] Please refer to the DRC report (report_drc) for more information.
INFO: [Place 30-611] Multithreading enabled for place_design using a maximum of 2 CPUs

Starting Placer Task

Phase 1 Placer Initialization

Phase 1.1 Placer Initialization Netlist Sorting
Netlist sorting complete. Time (s): cpu = 00:00:00 ; elapsed = 00:00:00 . Memory (MB): peak = 1740.023 ; gain = 0.000
Phase 1.1 Placer Initialization Netlist Sorting | Checksum: a0815c57

Time (s): cpu = 00:00:00 ; elapsed = 00:00:00.001 . Memory (MB): peak = 1740.023 ; gain = 0.000
Phase 1 Placer Initialization | Checksum: a0815c57

Time (s): cpu = 00:00:00 ; elapsed = 00:00:00.002 . Memory (MB): peak = 1740.023 ; gain = 0.000
ERROR: [Place 30-494] The design is empty
Resolution: Check if opt_design has removed all the leaf cells of your design.  Check whether you have instantiated and connected all of the top level ports.
Ending Placer Task | Checksum: a0815c57

Time (s): cpu = 00:00:00 ; elapsed = 00:00:00.002 . Memory (MB): peak = 1740.023 ; gain = 0.000
42 Infos, 37 Warnings, 37 Critical Warnings and 2 Errors encountered.
place_design failed
ERROR: [Common 17-69] Command failed: Placer could not place all instances
INFO: [Common 17-206] Exiting Vivado at Tue Oct 21 12:14:58 2025...
