
*** Running vivado
    with args -log scrolling_leds.vds -m64 -product Vivado -mode batch -messageDb vivado.pb -notrace -source scrolling_leds.tcl



****** Vivado v2025.1 (64-bit)
  **** SW Build 6140274 on Thu May 22 00:12:29 MDT 2025
  **** IP Build 6138677 on Thu May 22 03:10:11 MDT 2025
  **** SharedData Build 6139179 on Tue May 20 17:58:58 MDT 2025
  **** Start of session at: Sun Sep 21 18:45:41 2025
    ** Copyright 1986-2022 Xilinx, Inc. All Rights Reserved.
    ** Copyright 2022-2025 Advanced Micro Devices, Inc. All Rights Reserved.

source scrolling_leds.tcl -notrace
create_project: Time (s): cpu = 00:00:12 ; elapsed = 00:00:08 . Memory (MB): peak = 491.699 ; gain = 209.863
Command: read_checkpoint -auto_incremental -incremental C:/Coding/FPGA_REAL/FPGA/Scrolling_LEDs/Scrolling_LEDs.srcs/utils_1/imports/synth_1/scrolling_leds.dcp
INFO: [Vivado 12-5825] Read reference checkpoint from C:/Coding/FPGA_REAL/FPGA/Scrolling_LEDs/Scrolling_LEDs.srcs/utils_1/imports/synth_1/scrolling_leds.dcp for incremental synthesis
INFO: [Vivado 12-7989] Please ensure there are no constraint changes
Command: synth_design -top scrolling_leds -part xc7a35tcpg236-1
Starting synth_design
Attempting to get a license for feature 'Synthesis' and/or device 'xc7a35t'
INFO: [Common 17-349] Got license for feature 'Synthesis' and/or device 'xc7a35t'
INFO: [Device 21-403] Loading part xc7a35tcpg236-1
INFO: [Designutils 20-5440] No compile time benefit to using incremental synthesis; A full resynthesis will be run
INFO: [Designutils 20-4379] Flow is switching to default flow due to incremental criteria not met. If you would like to alter this behaviour and have the flow terminate instead, please set the following parameter config_implementation {autoIncr.Synth.RejectBehavior Terminate}
INFO: [Synth 8-7079] Multithreading enabled for synth_design using a maximum of 2 processes.
INFO: [Synth 8-7078] Launching helper process for spawning children vivado processes
INFO: [Synth 8-7075] Helper process launched with PID 2864
---------------------------------------------------------------------------------
Starting RTL Elaboration : Time (s): cpu = 00:00:08 ; elapsed = 00:00:09 . Memory (MB): peak = 1178.449 ; gain = 493.797
---------------------------------------------------------------------------------
WARNING: [Synth 8-10929] literal value 'b111111011 truncated to fit in 8 bits [C:/Coding/FPGA_REAL/FPGA/Scrolling_LEDs/Scrolling_LEDs.srcs/sources_1/new/scrolling_leds.v:50]
WARNING: [Synth 8-10929] literal value 'b111110111 truncated to fit in 8 bits [C:/Coding/FPGA_REAL/FPGA/Scrolling_LEDs/Scrolling_LEDs.srcs/sources_1/new/scrolling_leds.v:54]
WARNING: [Synth 8-10929] literal value 'b101111111 truncated to fit in 8 bits [C:/Coding/FPGA_REAL/FPGA/Scrolling_LEDs/Scrolling_LEDs.srcs/sources_1/new/scrolling_leds.v:68]
WARNING: [Synth 8-10929] literal value 'b111111011 truncated to fit in 8 bits [C:/Coding/FPGA_REAL/FPGA/Scrolling_LEDs/Scrolling_LEDs.srcs/sources_1/new/scrolling_leds.v:86]
WARNING: [Synth 8-10929] literal value 'b111110111 truncated to fit in 8 bits [C:/Coding/FPGA_REAL/FPGA/Scrolling_LEDs/Scrolling_LEDs.srcs/sources_1/new/scrolling_leds.v:90]
WARNING: [Synth 8-10929] literal value 'b101111111 truncated to fit in 8 bits [C:/Coding/FPGA_REAL/FPGA/Scrolling_LEDs/Scrolling_LEDs.srcs/sources_1/new/scrolling_leds.v:104]
INFO: [Synth 8-6157] synthesizing module 'scrolling_leds' [C:/Coding/FPGA_REAL/FPGA/Scrolling_LEDs/Scrolling_LEDs.srcs/sources_1/new/scrolling_leds.v:3]
INFO: [Synth 8-6155] done synthesizing module 'scrolling_leds' (0#1) [C:/Coding/FPGA_REAL/FPGA/Scrolling_LEDs/Scrolling_LEDs.srcs/sources_1/new/scrolling_leds.v:3]
WARNING: [Synth 8-3917] design scrolling_leds has port an[3] driven by constant 0
WARNING: [Synth 8-3917] design scrolling_leds has port an[2] driven by constant 0
WARNING: [Synth 8-3917] design scrolling_leds has port an[1] driven by constant 0
WARNING: [Synth 8-3917] design scrolling_leds has port an[0] driven by constant 0
---------------------------------------------------------------------------------
Finished RTL Elaboration : Time (s): cpu = 00:00:10 ; elapsed = 00:00:11 . Memory (MB): peak = 1284.297 ; gain = 599.645
---------------------------------------------------------------------------------
---------------------------------------------------------------------------------
Start Handling Custom Attributes
---------------------------------------------------------------------------------
---------------------------------------------------------------------------------
Finished Handling Custom Attributes : Time (s): cpu = 00:00:10 ; elapsed = 00:00:11 . Memory (MB): peak = 1284.297 ; gain = 599.645
---------------------------------------------------------------------------------
---------------------------------------------------------------------------------
Finished RTL Optimization Phase 1 : Time (s): cpu = 00:00:10 ; elapsed = 00:00:11 . Memory (MB): peak = 1284.297 ; gain = 599.645
---------------------------------------------------------------------------------
Netlist sorting complete. Time (s): cpu = 00:00:00 ; elapsed = 00:00:00.003 . Memory (MB): peak = 1284.297 ; gain = 0.000
INFO: [Project 1-570] Preparing netlist for logic optimization

Processing XDC Constraints
Initializing timing engine
Parsing XDC File [C:/Coding/FPGA_REAL/FPGA/Scrolling_LEDs/Scrolling_LEDs.srcs/constrs_1/new/pin.xdc]
Finished Parsing XDC File [C:/Coding/FPGA_REAL/FPGA/Scrolling_LEDs/Scrolling_LEDs.srcs/constrs_1/new/pin.xdc]
INFO: [Project 1-236] Implementation specific constraints were found while reading constraint file [C:/Coding/FPGA_REAL/FPGA/Scrolling_LEDs/Scrolling_LEDs.srcs/constrs_1/new/pin.xdc]. These constraints will be ignored for synthesis but will be used in implementation. Impacted constraints are listed in the file [.Xil/scrolling_leds_propImpl.xdc].
Resolution: To avoid this warning, move constraints listed in [.Xil/scrolling_leds_propImpl.xdc] to another XDC file and exclude this new file from synthesis with the used_in_synthesis property (File Properties dialog in GUI) and re-run elaboration/synthesis.
Completed Processing XDC Constraints

Netlist sorting complete. Time (s): cpu = 00:00:00 ; elapsed = 00:00:00 . Memory (MB): peak = 1319.848 ; gain = 0.000
INFO: [Project 1-111] Unisim Transformation Summary:
No Unisim elements were transformed.

Constraint Validation Runtime : Time (s): cpu = 00:00:00 ; elapsed = 00:00:00.003 . Memory (MB): peak = 1319.848 ; gain = 0.000
INFO: [Designutils 20-5440] No compile time benefit to using incremental synthesis; A full resynthesis will be run
INFO: [Designutils 20-4379] Flow is switching to default flow due to incremental criteria not met. If you would like to alter this behaviour and have the flow terminate instead, please set the following parameter config_implementation {autoIncr.Synth.RejectBehavior Terminate}
---------------------------------------------------------------------------------
Finished Constraint Validation : Time (s): cpu = 00:00:22 ; elapsed = 00:00:23 . Memory (MB): peak = 1319.848 ; gain = 635.195
---------------------------------------------------------------------------------
---------------------------------------------------------------------------------
Start Loading Part and Timing Information
---------------------------------------------------------------------------------
Loading part: xc7a35tcpg236-1
---------------------------------------------------------------------------------
Finished Loading Part and Timing Information : Time (s): cpu = 00:00:22 ; elapsed = 00:00:23 . Memory (MB): peak = 1319.848 ; gain = 635.195
---------------------------------------------------------------------------------
---------------------------------------------------------------------------------
Start Applying 'set_property' XDC Constraints
---------------------------------------------------------------------------------
---------------------------------------------------------------------------------
Finished applying 'set_property' XDC Constraints : Time (s): cpu = 00:00:22 ; elapsed = 00:00:23 . Memory (MB): peak = 1319.848 ; gain = 635.195
---------------------------------------------------------------------------------
---------------------------------------------------------------------------------
Finished RTL Optimization Phase 2 : Time (s): cpu = 00:00:22 ; elapsed = 00:00:23 . Memory (MB): peak = 1319.848 ; gain = 635.195
---------------------------------------------------------------------------------
---------------------------------------------------------------------------------
Start RTL Component Statistics 
---------------------------------------------------------------------------------
Detailed RTL Component Info : 
+---Adders : 
	   2 Input   25 Bit       Adders := 1     
	   2 Input    4 Bit       Adders := 1     
+---Registers : 
	               25 Bit    Registers := 1     
	               16 Bit    Registers := 1     
	                8 Bit    Registers := 1     
	                4 Bit    Registers := 1     
	                1 Bit    Registers := 1     
+---Muxes : 
	  16 Input    8 Bit        Muxes := 1     
	   2 Input    4 Bit        Muxes := 1     
---------------------------------------------------------------------------------
Finished RTL Component Statistics 
---------------------------------------------------------------------------------
---------------------------------------------------------------------------------
Start Part Resource Summary
---------------------------------------------------------------------------------
Part Resources:
DSPs: 90 (col length:60)
BRAMs: 100 (col length: RAMB18 60 RAMB36 30)
---------------------------------------------------------------------------------
Finished Part Resource Summary
---------------------------------------------------------------------------------
---------------------------------------------------------------------------------
Start Cross Boundary and Area Optimization
---------------------------------------------------------------------------------
WARNING: [Synth 8-7080] Parallel synthesis criteria is not met
WARNING: [Synth 8-3917] design scrolling_leds has port an[3] driven by constant 0
WARNING: [Synth 8-3917] design scrolling_leds has port an[2] driven by constant 0
WARNING: [Synth 8-3917] design scrolling_leds has port an[1] driven by constant 0
WARNING: [Synth 8-3917] design scrolling_leds has port an[0] driven by constant 0
---------------------------------------------------------------------------------
Finished Cross Boundary and Area Optimization : Time (s): cpu = 00:00:25 ; elapsed = 00:00:27 . Memory (MB): peak = 1334.746 ; gain = 650.094
---------------------------------------------------------------------------------
---------------------------------------------------------------------------------
Start Applying XDC Timing Constraints
---------------------------------------------------------------------------------
---------------------------------------------------------------------------------
Finished Applying XDC Timing Constraints : Time (s): cpu = 00:00:34 ; elapsed = 00:00:36 . Memory (MB): peak = 1487.918 ; gain = 803.266
---------------------------------------------------------------------------------
---------------------------------------------------------------------------------
Start Timing Optimization
---------------------------------------------------------------------------------
---------------------------------------------------------------------------------
Finished Timing Optimization : Time (s): cpu = 00:00:34 ; elapsed = 00:00:36 . Memory (MB): peak = 1507.281 ; gain = 822.629
---------------------------------------------------------------------------------
---------------------------------------------------------------------------------
Start Technology Mapping
---------------------------------------------------------------------------------
---------------------------------------------------------------------------------
Finished Technology Mapping : Time (s): cpu = 00:00:34 ; elapsed = 00:00:36 . Memory (MB): peak = 1517.098 ; gain = 832.445
---------------------------------------------------------------------------------
---------------------------------------------------------------------------------
Start IO Insertion
---------------------------------------------------------------------------------
---------------------------------------------------------------------------------
Start Flattening Before IO Insertion
---------------------------------------------------------------------------------
---------------------------------------------------------------------------------
Finished Flattening Before IO Insertion
---------------------------------------------------------------------------------
---------------------------------------------------------------------------------
Start Final Netlist Cleanup
---------------------------------------------------------------------------------
---------------------------------------------------------------------------------
Finished Final Netlist Cleanup
---------------------------------------------------------------------------------
---------------------------------------------------------------------------------
Finished IO Insertion : Time (s): cpu = 00:00:40 ; elapsed = 00:00:42 . Memory (MB): peak = 1733.363 ; gain = 1048.711
---------------------------------------------------------------------------------
---------------------------------------------------------------------------------
Start Renaming Generated Instances
---------------------------------------------------------------------------------
---------------------------------------------------------------------------------
Finished Renaming Generated Instances : Time (s): cpu = 00:00:40 ; elapsed = 00:00:42 . Memory (MB): peak = 1733.363 ; gain = 1048.711
---------------------------------------------------------------------------------
---------------------------------------------------------------------------------
Start Rebuilding User Hierarchy
---------------------------------------------------------------------------------
---------------------------------------------------------------------------------
Finished Rebuilding User Hierarchy : Time (s): cpu = 00:00:40 ; elapsed = 00:00:42 . Memory (MB): peak = 1733.363 ; gain = 1048.711
---------------------------------------------------------------------------------
---------------------------------------------------------------------------------
Start Renaming Generated Ports
---------------------------------------------------------------------------------
---------------------------------------------------------------------------------
Finished Renaming Generated Ports : Time (s): cpu = 00:00:40 ; elapsed = 00:00:42 . Memory (MB): peak = 1733.363 ; gain = 1048.711
---------------------------------------------------------------------------------
---------------------------------------------------------------------------------
Start Handling Custom Attributes
---------------------------------------------------------------------------------
---------------------------------------------------------------------------------
Finished Handling Custom Attributes : Time (s): cpu = 00:00:40 ; elapsed = 00:00:42 . Memory (MB): peak = 1733.363 ; gain = 1048.711
---------------------------------------------------------------------------------
---------------------------------------------------------------------------------
Start Renaming Generated Nets
---------------------------------------------------------------------------------
---------------------------------------------------------------------------------
Finished Renaming Generated Nets : Time (s): cpu = 00:00:40 ; elapsed = 00:00:42 . Memory (MB): peak = 1733.363 ; gain = 1048.711
---------------------------------------------------------------------------------
---------------------------------------------------------------------------------
Start Writing Synthesis Report
---------------------------------------------------------------------------------

Report BlackBoxes: 
+-+--------------+----------+
| |BlackBox name |Instances |
+-+--------------+----------+
+-+--------------+----------+

Report Cell Usage: 
+------+-------+------+
|      |Cell   |Count |
+------+-------+------+
|1     |BUFG   |     1|
|2     |CARRY4 |     6|
|3     |LUT1   |     3|
|4     |LUT2   |     5|
|5     |LUT3   |    12|
|6     |LUT4   |     2|
|7     |LUT5   |     1|
|8     |LUT6   |     6|
|9     |FDRE   |    33|
|10    |FDSE   |    20|
|11    |IBUF   |     1|
|12    |OBUF   |    28|
+------+-------+------+
---------------------------------------------------------------------------------
Finished Writing Synthesis Report : Time (s): cpu = 00:00:40 ; elapsed = 00:00:42 . Memory (MB): peak = 1733.363 ; gain = 1048.711
---------------------------------------------------------------------------------
Synthesis finished with 0 errors, 0 critical warnings and 5 warnings.
Synthesis Optimization Runtime : Time (s): cpu = 00:00:27 ; elapsed = 00:00:39 . Memory (MB): peak = 1733.363 ; gain = 1013.160
Synthesis Optimization Complete : Time (s): cpu = 00:00:40 ; elapsed = 00:00:42 . Memory (MB): peak = 1733.363 ; gain = 1048.711
INFO: [Project 1-571] Translating synthesized netlist
Netlist sorting complete. Time (s): cpu = 00:00:00 ; elapsed = 00:00:00.002 . Memory (MB): peak = 1742.527 ; gain = 0.000
INFO: [Netlist 29-17] Analyzing 6 Unisim elements for replacement
INFO: [Netlist 29-28] Unisim Transformation completed in 0 CPU seconds
INFO: [Project 1-570] Preparing netlist for logic optimization
INFO: [Opt 31-138] Pushed 0 inverter(s) to 0 load pin(s).
Netlist sorting complete. Time (s): cpu = 00:00:00 ; elapsed = 00:00:00 . Memory (MB): peak = 1746.109 ; gain = 0.000
INFO: [Project 1-111] Unisim Transformation Summary:
No Unisim elements were transformed.

Synth Design complete | Checksum: f0e35649
INFO: [Common 17-83] Releasing license: Synthesis
23 Infos, 15 Warnings, 0 Critical Warnings and 0 Errors encountered.
synth_design completed successfully
synth_design: Time (s): cpu = 00:00:45 ; elapsed = 00:00:50 . Memory (MB): peak = 1746.109 ; gain = 1249.141
Write ShapeDB Complete: Time (s): cpu = 00:00:00 ; elapsed = 00:00:00.002 . Memory (MB): peak = 1746.109 ; gain = 0.000
INFO: [Common 17-1381] The checkpoint 'C:/Coding/FPGA_REAL/FPGA/Scrolling_LEDs/Scrolling_LEDs.runs/synth_1/scrolling_leds.dcp' has been generated.
INFO: [Common 17-206] Exiting Vivado at Sun Sep 21 18:46:43 2025...
