
*** Running vivado
    with args -log scrolling_leds.vdi -applog -m64 -messageDb vivado.pb -mode batch -source scrolling_leds.tcl -notrace


****** Vivado v2015.2 (64-bit)
  **** SW Build 1266856 on Fri Jun 26 16:35:25 MDT 2015
  **** IP Build 1264090 on Wed Jun 24 14:22:01 MDT 2015
    ** Copyright 1986-2015 Xilinx, Inc. All Rights Reserved.

source scrolling_leds.tcl -notrace
Design is defaulting to srcset: sources_1
Design is defaulting to constrset: constrs_1
INFO: [Netlist 29-17] Analyzing 7 Unisim elements for replacement
INFO: [Netlist 29-28] Unisim Transformation completed in 0 CPU seconds
INFO: [Project 1-479] Netlist was created with Vivado 2015.2
INFO: [Device 21-403] Loading part xc7a35tcpg236-1
INFO: [Project 1-570] Preparing netlist for logic optimization
Parsing XDC File [C:/Coding/FPGA_REAL/FPGA/Scrolling_LEDs/Scrolling_LEDs.srcs/constrs_1/new/pin.xdc]
Finished Parsing XDC File [C:/Coding/FPGA_REAL/FPGA/Scrolling_LEDs/Scrolling_LEDs.srcs/constrs_1/new/pin.xdc]
INFO: [Opt 31-138] Pushed 0 inverter(s) to 0 load pin(s).
INFO: [Project 1-111] Unisim Transformation Summary:
No Unisim elements were transformed.

Command: opt_design
Attempting to get a license for feature 'Implementation' and/or device 'xc7a35t'
INFO: [Common 17-349] Got license for feature 'Implementation' and/or device 'xc7a35t'
INFO: [Common 17-86] Your Implementation license expires in 20 day(s)
Running DRC as a precondition to command opt_design

Starting DRC Task
INFO: [DRC 23-27] Running DRC with 2 threads
INFO: [Project 1-461] DRC finished with 0 Errors
INFO: [Project 1-462] Please refer to the DRC report (report_drc) for more information.

Time (s): cpu = 00:00:00 ; elapsed = 00:00:00.084 . Memory (MB): peak = 452.543 ; gain = 1.234
INFO: [Timing 38-35] Done setting XDC timing constraints.

Starting Logic Optimization Task

Phase 1 Retarget

INFO: [Opt 31-138] Pushed 0 inverter(s) to 0 load pin(s).
INFO: [Opt 31-49] Retargeted 0 cell(s).
Phase 1 Retarget | Checksum: e334e13e

Time (s): cpu = 00:00:00 ; elapsed = 00:00:00.015 . Memory (MB): peak = 919.398 ; gain = 0.000

Phase 2 Constant Propagation
INFO: [Opt 31-138] Pushed 0 inverter(s) to 0 load pin(s).
INFO: [Opt 31-10] Eliminated 0 cells.
Phase 2 Constant Propagation | Checksum: e334e13e

Time (s): cpu = 00:00:00 ; elapsed = 00:00:00.024 . Memory (MB): peak = 919.398 ; gain = 0.000

Phase 3 Sweep
INFO: [Opt 31-12] Eliminated 18 unconnected nets.
INFO: [Opt 31-11] Eliminated 0 unconnected cells.
Phase 3 Sweep | Checksum: 148ce6d6f

Time (s): cpu = 00:00:00 ; elapsed = 00:00:00.032 . Memory (MB): peak = 919.398 ; gain = 0.000

Starting Connectivity Check Task

Time (s): cpu = 00:00:00 ; elapsed = 00:00:00 . Memory (MB): peak = 919.398 ; gain = 0.000
Ending Logic Optimization Task | Checksum: 148ce6d6f

Time (s): cpu = 00:00:00 ; elapsed = 00:00:00.032 . Memory (MB): peak = 919.398 ; gain = 0.000
Implement Debug Cores | Checksum: 4e4f6d39
Logic Optimization | Checksum: 4e4f6d39

Starting Power Optimization Task
INFO: [Pwropt 34-132] Skipping clock gating for clocks with a period < 3.13 ns.
Ending Power Optimization Task | Checksum: 148ce6d6f

Time (s): cpu = 00:00:00 ; elapsed = 00:00:00.012 . Memory (MB): peak = 919.398 ; gain = 0.000
INFO: [Common 17-83] Releasing license: Implementation
21 Infos, 0 Warnings, 0 Critical Warnings and 0 Errors encountered.
opt_design completed successfully
opt_design: Time (s): cpu = 00:00:14 ; elapsed = 00:00:14 . Memory (MB): peak = 919.398 ; gain = 471.066
Writing placer database...
Writing XDEF routing.
Writing XDEF routing logical nets.
Writing XDEF routing special nets.
Write XDEF Complete: Time (s): cpu = 00:00:00 ; elapsed = 00:00:00.061 . Memory (MB): peak = 919.398 ; gain = 0.000
INFO: [DRC 23-27] Running DRC with 2 threads
INFO: [Coretcl 2-168] The results of DRC are in file C:/Coding/FPGA_REAL/FPGA/Scrolling_LEDs/Scrolling_LEDs.runs/impl_1/scrolling_leds_drc_opted.rpt.
INFO: [#UNDEF] Cannot write hardware definition file as there are no IPI block design hardware handoff files present
Command: place_design
Attempting to get a license for feature 'Implementation' and/or device 'xc7a35t'
INFO: [Common 17-349] Got license for feature 'Implementation' and/or device 'xc7a35t'
INFO: [Common 17-86] Your Implementation license expires in 20 day(s)
INFO: [DRC 23-27] Running DRC with 2 threads
INFO: [Vivado_Tcl 4-198] DRC finished with 0 Errors
INFO: [Vivado_Tcl 4-199] Please refer to the DRC report (report_drc) for more information.
Running DRC as a precondition to command place_design
INFO: [DRC 23-27] Running DRC with 2 threads
INFO: [Vivado_Tcl 4-198] DRC finished with 0 Errors
INFO: [Vivado_Tcl 4-199] Please refer to the DRC report (report_drc) for more information.

Starting Placer Task
INFO: [Place 30-611] Multithreading enabled for place_design using a maximum of 2 CPUs

Phase 1 Placer Runtime Estimator
Phase 1 Placer Runtime Estimator | Checksum: d9bf7fc9

Time (s): cpu = 00:00:00 ; elapsed = 00:00:00.024 . Memory (MB): peak = 919.398 ; gain = 0.000

Phase 2 Placer Initialization
Netlist sorting complete. Time (s): cpu = 00:00:00 ; elapsed = 00:00:00 . Memory (MB): peak = 919.398 ; gain = 0.000
Netlist sorting complete. Time (s): cpu = 00:00:00 ; elapsed = 00:00:00 . Memory (MB): peak = 919.398 ; gain = 0.000

Phase 2.1 IO Placement/ Clock Placement/ Build Placer Device

Phase 2.1.1 Pre-Place Cells
Phase 2.1.1 Pre-Place Cells | Checksum: 03281807

Time (s): cpu = 00:00:00 ; elapsed = 00:00:00.040 . Memory (MB): peak = 919.398 ; gain = 0.000
INFO: [Timing 38-35] Done setting XDC timing constraints.

Phase 2.1.2 IO & Clk Clean Up
Phase 2.1.2 IO & Clk Clean Up | Checksum: 03281807

Time (s): cpu = 00:00:00 ; elapsed = 00:00:00.655 . Memory (MB): peak = 937.613 ; gain = 18.215

Phase 2.1.3 Implementation Feasibility check On IDelay
Phase 2.1.3 Implementation Feasibility check On IDelay | Checksum: 03281807

Time (s): cpu = 00:00:00 ; elapsed = 00:00:00.655 . Memory (MB): peak = 937.613 ; gain = 18.215

Phase 2.1.4 Commit IO Placement
Phase 2.1.4 Commit IO Placement | Checksum: 1ba6efca

Time (s): cpu = 00:00:00 ; elapsed = 00:00:00.655 . Memory (MB): peak = 937.613 ; gain = 18.215
Phase 2.1 IO Placement/ Clock Placement/ Build Placer Device | Checksum: ed053e26

Time (s): cpu = 00:00:00 ; elapsed = 00:00:00.655 . Memory (MB): peak = 937.613 ; gain = 18.215

Phase 2.2 Build Placer Netlist Model

Phase 2.2.1 Place Init Design

Phase 2.2.1.1 Init Lut Pin Assignment
Phase 2.2.1.1 Init Lut Pin Assignment | Checksum: 1de182c05

Time (s): cpu = 00:00:00 ; elapsed = 00:00:00.672 . Memory (MB): peak = 937.613 ; gain = 18.215
Phase 2.2.1 Place Init Design | Checksum: 1be0a7dd3

Time (s): cpu = 00:00:00 ; elapsed = 00:00:00.704 . Memory (MB): peak = 937.613 ; gain = 18.215
Phase 2.2 Build Placer Netlist Model | Checksum: 1be0a7dd3

Time (s): cpu = 00:00:00 ; elapsed = 00:00:00.704 . Memory (MB): peak = 937.613 ; gain = 18.215

Phase 2.3 Constrain Clocks/Macros

Phase 2.3.1 Constrain Global/Regional Clocks
Phase 2.3.1 Constrain Global/Regional Clocks | Checksum: 1be0a7dd3

Time (s): cpu = 00:00:00 ; elapsed = 00:00:00.704 . Memory (MB): peak = 937.613 ; gain = 18.215
Phase 2.3 Constrain Clocks/Macros | Checksum: 1be0a7dd3

Time (s): cpu = 00:00:00 ; elapsed = 00:00:00.704 . Memory (MB): peak = 937.613 ; gain = 18.215
Phase 2 Placer Initialization | Checksum: 1be0a7dd3

Time (s): cpu = 00:00:00 ; elapsed = 00:00:00.704 . Memory (MB): peak = 937.613 ; gain = 18.215

Phase 3 Global Placement
Phase 3 Global Placement | Checksum: eec2be27

Time (s): cpu = 00:00:01 ; elapsed = 00:00:00.827 . Memory (MB): peak = 937.613 ; gain = 18.215

Phase 4 Detail Placement

Phase 4.1 Commit Multi Column Macros
Phase 4.1 Commit Multi Column Macros | Checksum: eec2be27

Time (s): cpu = 00:00:01 ; elapsed = 00:00:00.836 . Memory (MB): peak = 937.613 ; gain = 18.215

Phase 4.2 Commit Most Macros & LUTRAMs
Phase 4.2 Commit Most Macros & LUTRAMs | Checksum: 1da638740

Time (s): cpu = 00:00:01 ; elapsed = 00:00:00.861 . Memory (MB): peak = 937.613 ; gain = 18.215

Phase 4.3 Area Swap Optimization
Phase 4.3 Area Swap Optimization | Checksum: 219a32b47

Time (s): cpu = 00:00:01 ; elapsed = 00:00:00.868 . Memory (MB): peak = 937.613 ; gain = 18.215

Phase 4.4 updateClock Trees: DP
Phase 4.4 updateClock Trees: DP | Checksum: 219a32b47

Time (s): cpu = 00:00:01 ; elapsed = 00:00:00.868 . Memory (MB): peak = 937.613 ; gain = 18.215

Phase 4.5 Timing Path Optimizer
Phase 4.5 Timing Path Optimizer | Checksum: 1d975709d

Time (s): cpu = 00:00:01 ; elapsed = 00:00:00.868 . Memory (MB): peak = 937.613 ; gain = 18.215

Phase 4.6 Small Shape Detail Placement

Phase 4.6.1 Commit Small Macros & Core Logic

Phase 4.6.1.1 setBudgets
Phase 4.6.1.1 setBudgets | Checksum: 1cb50a9d0

Time (s): cpu = 00:00:01 ; elapsed = 00:00:00.876 . Memory (MB): peak = 937.613 ; gain = 18.215

Phase 4.6.1.2 Commit Slice Clusters
Phase 4.6.1.2 Commit Slice Clusters | Checksum: 22869f2e2

Time (s): cpu = 00:00:01 ; elapsed = 00:00:00.926 . Memory (MB): peak = 937.613 ; gain = 18.215
Phase 4.6.1 Commit Small Macros & Core Logic | Checksum: 22869f2e2

Time (s): cpu = 00:00:01 ; elapsed = 00:00:00.926 . Memory (MB): peak = 937.613 ; gain = 18.215

Phase 4.6.2 Clock Restriction Legalization for Leaf Columns
Phase 4.6.2 Clock Restriction Legalization for Leaf Columns | Checksum: 22869f2e2

Time (s): cpu = 00:00:01 ; elapsed = 00:00:00.932 . Memory (MB): peak = 937.613 ; gain = 18.215

Phase 4.6.3 Clock Restriction Legalization for Non-Clock Pins
Phase 4.6.3 Clock Restriction Legalization for Non-Clock Pins | Checksum: 22869f2e2

Time (s): cpu = 00:00:01 ; elapsed = 00:00:00.934 . Memory (MB): peak = 937.613 ; gain = 18.215
Phase 4.6 Small Shape Detail Placement | Checksum: 22869f2e2

Time (s): cpu = 00:00:01 ; elapsed = 00:00:00.937 . Memory (MB): peak = 937.613 ; gain = 18.215

Phase 4.7 Re-assign LUT pins
Phase 4.7 Re-assign LUT pins | Checksum: 22869f2e2

Time (s): cpu = 00:00:01 ; elapsed = 00:00:00.939 . Memory (MB): peak = 937.613 ; gain = 18.215
Phase 4 Detail Placement | Checksum: 22869f2e2

Time (s): cpu = 00:00:01 ; elapsed = 00:00:00.941 . Memory (MB): peak = 937.613 ; gain = 18.215

Phase 5 Post Placement Optimization and Clean-Up

Phase 5.1 PCOPT Shape updates
Phase 5.1 PCOPT Shape updates | Checksum: 21f8dca23

Time (s): cpu = 00:00:01 ; elapsed = 00:00:00.942 . Memory (MB): peak = 937.613 ; gain = 18.215

Phase 5.2 Post Commit Optimization

Phase 5.2.1 updateClock Trees: PCOPT
Phase 5.2.1 updateClock Trees: PCOPT | Checksum: 21f8dca23

Time (s): cpu = 00:00:01 ; elapsed = 00:00:00.942 . Memory (MB): peak = 937.613 ; gain = 18.215

Phase 5.2.2 Post Placement Optimization

Phase 5.2.2.1 Post Placement Timing Optimization
INFO: [Place 30-746] Post Placement Timing Summary WNS=6.296. For the most accurate timing information please run report_timing.
Phase 5.2.2.1 Post Placement Timing Optimization | Checksum: 2a1980940

Time (s): cpu = 00:00:01 ; elapsed = 00:00:00.958 . Memory (MB): peak = 937.613 ; gain = 18.215
Phase 5.2.2 Post Placement Optimization | Checksum: 2a1980940

Time (s): cpu = 00:00:01 ; elapsed = 00:00:00.958 . Memory (MB): peak = 937.613 ; gain = 18.215
Phase 5.2 Post Commit Optimization | Checksum: 2a1980940

Time (s): cpu = 00:00:01 ; elapsed = 00:00:00.958 . Memory (MB): peak = 937.613 ; gain = 18.215

Phase 5.3 Sweep Clock Roots: Post-Placement
Phase 5.3 Sweep Clock Roots: Post-Placement | Checksum: 2a1980940

Time (s): cpu = 00:00:01 ; elapsed = 00:00:00.958 . Memory (MB): peak = 937.613 ; gain = 18.215

Phase 5.4 Post Placement Cleanup
Phase 5.4 Post Placement Cleanup | Checksum: 2a1980940

Time (s): cpu = 00:00:01 ; elapsed = 00:00:00.958 . Memory (MB): peak = 937.613 ; gain = 18.215

Phase 5.5 Placer Reporting

Phase 5.5.1 Restore STA
Phase 5.5.1 Restore STA | Checksum: 2a1980940

Time (s): cpu = 00:00:01 ; elapsed = 00:00:00.958 . Memory (MB): peak = 937.613 ; gain = 18.215
Phase 5.5 Placer Reporting | Checksum: 2a1980940

Time (s): cpu = 00:00:01 ; elapsed = 00:00:00.967 . Memory (MB): peak = 937.613 ; gain = 18.215

Phase 5.6 Final Placement Cleanup
Phase 5.6 Final Placement Cleanup | Checksum: 2352a1bc1

Time (s): cpu = 00:00:01 ; elapsed = 00:00:00.967 . Memory (MB): peak = 937.613 ; gain = 18.215
Phase 5 Post Placement Optimization and Clean-Up | Checksum: 2352a1bc1

Time (s): cpu = 00:00:01 ; elapsed = 00:00:00.967 . Memory (MB): peak = 937.613 ; gain = 18.215
Ending Placer Task | Checksum: 1794c13b3

Time (s): cpu = 00:00:01 ; elapsed = 00:00:00.967 . Memory (MB): peak = 937.613 ; gain = 18.215
INFO: [Common 17-83] Releasing license: Implementation
36 Infos, 0 Warnings, 0 Critical Warnings and 0 Errors encountered.
place_design completed successfully
Writing placer database...
Writing XDEF routing.
Writing XDEF routing logical nets.
Writing XDEF routing special nets.
Write XDEF Complete: Time (s): cpu = 00:00:00 ; elapsed = 00:00:00.040 . Memory (MB): peak = 937.613 ; gain = 0.000
report_io: Time (s): cpu = 00:00:00 ; elapsed = 00:00:00.048 . Memory (MB): peak = 937.613 ; gain = 0.000
report_utilization: Time (s): cpu = 00:00:00 ; elapsed = 00:00:00.050 . Memory (MB): peak = 937.613 ; gain = 0.000
report_control_sets: Time (s): cpu = 00:00:00 ; elapsed = 00:00:00 . Memory (MB): peak = 937.613 ; gain = 0.000
Command: route_design
Attempting to get a license for feature 'Implementation' and/or device 'xc7a35t'
INFO: [Common 17-349] Got license for feature 'Implementation' and/or device 'xc7a35t'
INFO: [Common 17-86] Your Implementation license expires in 20 day(s)
Running DRC as a precondition to command route_design
INFO: [DRC 23-27] Running DRC with 2 threads
INFO: [Vivado_Tcl 4-198] DRC finished with 0 Errors
INFO: [Vivado_Tcl 4-199] Please refer to the DRC report (report_drc) for more information.


Starting Routing Task
INFO: [Route 35-254] Multithreading enabled for route_design using a maximum of 2 CPUs

Phase 1 Build RT Design
Phase 1 Build RT Design | Checksum: f22fb3b8

Time (s): cpu = 00:00:24 ; elapsed = 00:00:22 . Memory (MB): peak = 1013.352 ; gain = 75.738

Phase 2 Router Initialization

Phase 2.1 Create Timer
Phase 2.1 Create Timer | Checksum: f22fb3b8

Time (s): cpu = 00:00:24 ; elapsed = 00:00:22 . Memory (MB): peak = 1015.355 ; gain = 77.742

Phase 2.2 Pre Route Cleanup
Phase 2.2 Pre Route Cleanup | Checksum: f22fb3b8

Time (s): cpu = 00:00:24 ; elapsed = 00:00:22 . Memory (MB): peak = 1023.219 ; gain = 85.605
 Number of Nodes with overlaps = 0

Phase 2.3 Update Timing
Phase 2.3 Update Timing | Checksum: 1e0a6af11

Time (s): cpu = 00:00:24 ; elapsed = 00:00:22 . Memory (MB): peak = 1026.305 ; gain = 88.691
INFO: [Route 35-57] Estimated Timing Summary | WNS=6.298  | TNS=0.000  | WHS=-0.066 | THS=-0.201 |

Phase 2 Router Initialization | Checksum: 29a42aa39

Time (s): cpu = 00:00:24 ; elapsed = 00:00:22 . Memory (MB): peak = 1026.305 ; gain = 88.691

Phase 3 Initial Routing
Phase 3 Initial Routing | Checksum: d3bf801d

Time (s): cpu = 00:00:24 ; elapsed = 00:00:22 . Memory (MB): peak = 1026.305 ; gain = 88.691

Phase 4 Rip-up And Reroute

Phase 4.1 Global Iteration 0
 Number of Nodes with overlaps = 3
 Number of Nodes with overlaps = 0

Phase 4.1.1 Update Timing
Phase 4.1.1 Update Timing | Checksum: 178e24f9c

Time (s): cpu = 00:00:24 ; elapsed = 00:00:22 . Memory (MB): peak = 1026.305 ; gain = 88.691
INFO: [Route 35-57] Estimated Timing Summary | WNS=5.563  | TNS=0.000  | WHS=N/A    | THS=N/A    |

Phase 4.1 Global Iteration 0 | Checksum: 178e24f9c

Time (s): cpu = 00:00:24 ; elapsed = 00:00:22 . Memory (MB): peak = 1026.305 ; gain = 88.691
Phase 4 Rip-up And Reroute | Checksum: 178e24f9c

Time (s): cpu = 00:00:24 ; elapsed = 00:00:22 . Memory (MB): peak = 1026.305 ; gain = 88.691

Phase 5 Delay and Skew Optimization

Phase 5.1 Delay CleanUp

Phase 5.1.1 Update Timing
Phase 5.1.1 Update Timing | Checksum: 17a563111

Time (s): cpu = 00:00:24 ; elapsed = 00:00:22 . Memory (MB): peak = 1026.305 ; gain = 88.691
INFO: [Route 35-57] Estimated Timing Summary | WNS=5.656  | TNS=0.000  | WHS=N/A    | THS=N/A    |

Phase 5.1 Delay CleanUp | Checksum: 17a563111

Time (s): cpu = 00:00:24 ; elapsed = 00:00:22 . Memory (MB): peak = 1026.305 ; gain = 88.691

Phase 5.2 Clock Skew Optimization
Phase 5.2 Clock Skew Optimization | Checksum: 17a563111

Time (s): cpu = 00:00:24 ; elapsed = 00:00:22 . Memory (MB): peak = 1026.305 ; gain = 88.691
Phase 5 Delay and Skew Optimization | Checksum: 17a563111

Time (s): cpu = 00:00:24 ; elapsed = 00:00:22 . Memory (MB): peak = 1026.305 ; gain = 88.691

Phase 6 Post Hold Fix

Phase 6.1 Update Timing
Phase 6.1 Update Timing | Checksum: 1b4afc041

Time (s): cpu = 00:00:24 ; elapsed = 00:00:22 . Memory (MB): peak = 1026.305 ; gain = 88.691
INFO: [Route 35-57] Estimated Timing Summary | WNS=5.656  | TNS=0.000  | WHS=0.258  | THS=0.000  |

Phase 6 Post Hold Fix | Checksum: 1b4afc041

Time (s): cpu = 00:00:24 ; elapsed = 00:00:22 . Memory (MB): peak = 1026.305 ; gain = 88.691

Phase 7 Route finalize

Router Utilization Summary
  Global Vertical Routing Utilization    = 0.0374711 %
  Global Horizontal Routing Utilization  = 0.0543987 %
  Routable Net Status*
  *Does not include unroutable nets such as driverless and loadless.
  Run report_route_status for detailed report.
  Number of Failed Nets               = 0
  Number of Unrouted Nets             = 0
  Number of Partially Routed Nets     = 0
  Number of Node Overlaps             = 0

Phase 7 Route finalize | Checksum: 1b4afc041

Time (s): cpu = 00:00:24 ; elapsed = 00:00:22 . Memory (MB): peak = 1026.305 ; gain = 88.691

Phase 8 Verifying routed nets

 Verification completed successfully
Phase 8 Verifying routed nets | Checksum: 1b4afc041

Time (s): cpu = 00:00:24 ; elapsed = 00:00:22 . Memory (MB): peak = 1026.656 ; gain = 89.043

Phase 9 Depositing Routes
Phase 9 Depositing Routes | Checksum: 17d81cb1c

Time (s): cpu = 00:00:24 ; elapsed = 00:00:22 . Memory (MB): peak = 1026.656 ; gain = 89.043

Phase 10 Post Router Timing
INFO: [Route 35-57] Estimated Timing Summary | WNS=5.656  | TNS=0.000  | WHS=0.258  | THS=0.000  |

INFO: [Route 35-327] The final timing numbers are based on the router estimated timing analysis. For a complete and accurate timing signoff, please run report_timing_summary.
Phase 10 Post Router Timing | Checksum: 17d81cb1c

Time (s): cpu = 00:00:24 ; elapsed = 00:00:22 . Memory (MB): peak = 1026.656 ; gain = 89.043
INFO: [Route 35-16] Router Completed Successfully

Time (s): cpu = 00:00:24 ; elapsed = 00:00:22 . Memory (MB): peak = 1026.656 ; gain = 89.043

Routing Is Done.
INFO: [Common 17-83] Releasing license: Implementation
50 Infos, 0 Warnings, 0 Critical Warnings and 0 Errors encountered.
route_design completed successfully
route_design: Time (s): cpu = 00:00:24 ; elapsed = 00:00:23 . Memory (MB): peak = 1026.656 ; gain = 89.043
Writing placer database...
Writing XDEF routing.
Writing XDEF routing logical nets.
Writing XDEF routing special nets.
Write XDEF Complete: Time (s): cpu = 00:00:00 ; elapsed = 00:00:00.050 . Memory (MB): peak = 1026.656 ; gain = 0.000
INFO: [DRC 23-27] Running DRC with 2 threads
INFO: [Coretcl 2-168] The results of DRC are in file C:/Coding/FPGA_REAL/FPGA/Scrolling_LEDs/Scrolling_LEDs.runs/impl_1/scrolling_leds_drc_routed.rpt.
INFO: [Timing 38-91] UpdateTimingParams: Speed grade: -1, Delay Type: min_max.
INFO: [Timing 38-191] Multithreading enabled for timing update using a maximum of 2 CPUs
Running Vector-less Activity Propagation...

Finished Running Vector-less Activity Propagation
INFO: [Common 17-206] Exiting Vivado at Sun Sep 21 16:23:26 2025...

*** Running vivado
    with args -log scrolling_leds.vdi -applog -m64 -messageDb vivado.pb -mode batch -source scrolling_leds.tcl -notrace

