Copyright 1986-2022 Xilinx, Inc. All Rights Reserved. Copyright 2022-2025 Advanced Micro Devices, Inc. All Rights Reserved.
---------------------------------------------------------------------------------------------------------------------------------------------------------------------------------------------------------------------------------------
| Tool Version : Vivado v.2025.1 (win64) Build 6140274 Thu May 22 00:12:29 MDT 2025
| Date         : Thu Oct 30 12:37:51 2025
| Host         : glizzy running 64-bit major release  (build 9200)
| Command      : report_timing_summary -max_paths 10 -routable_nets -report_unconstrained -file seven_seg_timing_summary_routed.rpt -pb seven_seg_timing_summary_routed.pb -rpx seven_seg_timing_summary_routed.rpx -warn_on_violation
| Design       : seven_seg
| Device       : 7vx485t-ffg1157
| Speed File   : -1  PRODUCTION 1.12 2014-09-11
| Design State : Routed
---------------------------------------------------------------------------------------------------------------------------------------------------------------------------------------------------------------------------------------

Timing Summary Report

------------------------------------------------------------------------------------------------
| Timer Settings
| --------------
------------------------------------------------------------------------------------------------

  Enable Multi Corner Analysis               :  Yes
  Enable Pessimism Removal                   :  Yes
  Pessimism Removal Resolution               :  Nearest Common Node
  Enable Input Delay Default Clock           :  No
  Enable Preset / Clear Arcs                 :  No
  Disable Flight Delays                      :  No
  Ignore I/O Paths                           :  No
  Timing Early Launch at Borrowing Latches   :  No
  Borrow Time for Max Delay Exceptions       :  Yes
  Merge Timing Exceptions                    :  Yes
  Inter-SLR Compensation                     :  Conservative

  Corner  Analyze    Analyze    
  Name    Max Paths  Min Paths  
  ------  ---------  ---------  
  Slow    Yes        Yes        
  Fast    Yes        Yes        


------------------------------------------------------------------------------------------------
| Report Methodology
| ------------------
------------------------------------------------------------------------------------------------

No report available as report_methodology has not been run prior. Run report_methodology on the current design for the summary of methodology violations.



check_timing report

Table of Contents
-----------------
1. checking no_clock (0)
2. checking constant_clock (0)
3. checking pulse_width_clock (0)
4. checking unconstrained_internal_endpoints (0)
5. checking no_input_delay (0)
6. checking no_output_delay (0)
7. checking multiple_clock (0)
8. checking generated_clocks (0)
9. checking loops (0)
10. checking partial_input_delay (0)
11. checking partial_output_delay (0)
12. checking latch_loops (0)

1. checking no_clock (0)
------------------------
 There are 0 register/latch pins with no clock.


2. checking constant_clock (0)
------------------------------
 There are 0 register/latch pins with constant_clock.


3. checking pulse_width_clock (0)
---------------------------------
 There are 0 register/latch pins which need pulse_width check


4. checking unconstrained_internal_endpoints (0)
------------------------------------------------
 There are 0 pins that are not constrained for maximum delay.

 There are 0 pins that are not constrained for maximum delay due to constant clock.


5. checking no_input_delay (0)
------------------------------
 There are 0 input ports with no input delay specified.

 There are 0 input ports with no input delay but user has a false path constraint.


6. checking no_output_delay (0)
-------------------------------
 There are 0 ports with no output delay specified.

 There are 0 ports with no output delay but user has a false path constraint

 There are 0 ports with no output delay but with a timing clock defined on it or propagating through it


7. checking multiple_clock (0)
------------------------------
 There are 0 register/latch pins with multiple clocks.


8. checking generated_clocks (0)
--------------------------------
 There are 0 generated clocks that are not connected to a clock source.


9. checking loops (0)
---------------------
 There are 0 combinational loops in the design.


10. checking partial_input_delay (0)
------------------------------------
 There are 0 input ports with partial input delay specified.


11. checking partial_output_delay (0)
-------------------------------------
 There are 0 ports with partial output delay specified.


12. checking latch_loops (0)
----------------------------
 There are 0 combinational latch loops in the design through latch input



------------------------------------------------------------------------------------------------
| Design Timing Summary
| ---------------------
------------------------------------------------------------------------------------------------

    WNS(ns)      TNS(ns)  TNS Failing Endpoints  TNS Total Endpoints      WHS(ns)      THS(ns)  THS Failing Endpoints  THS Total Endpoints     WPWS(ns)     TPWS(ns)  TPWS Failing Endpoints  TPWS Total Endpoints  
    -------      -------  ---------------------  -------------------      -------      -------  ---------------------  -------------------     --------     --------  ----------------------  --------------------  
        inf        0.000                      0                    7          inf        0.000                      0                    7           NA           NA                      NA                    NA  


There are no user specified timing constraints.


------------------------------------------------------------------------------------------------
| Clock Summary
| -------------
------------------------------------------------------------------------------------------------


------------------------------------------------------------------------------------------------
| Intra Clock Table
| -----------------
------------------------------------------------------------------------------------------------

Clock             WNS(ns)      TNS(ns)  TNS Failing Endpoints  TNS Total Endpoints      WHS(ns)      THS(ns)  THS Failing Endpoints  THS Total Endpoints     WPWS(ns)     TPWS(ns)  TPWS Failing Endpoints  TPWS Total Endpoints  
-----             -------      -------  ---------------------  -------------------      -------      -------  ---------------------  -------------------     --------     --------  ----------------------  --------------------  


------------------------------------------------------------------------------------------------
| Inter Clock Table
| -----------------
------------------------------------------------------------------------------------------------

From Clock    To Clock          WNS(ns)      TNS(ns)  TNS Failing Endpoints  TNS Total Endpoints      WHS(ns)      THS(ns)  THS Failing Endpoints  THS Total Endpoints  
----------    --------          -------      -------  ---------------------  -------------------      -------      -------  ---------------------  -------------------  


------------------------------------------------------------------------------------------------
| Other Path Groups Table
| -----------------------
------------------------------------------------------------------------------------------------

Path Group    From Clock    To Clock          WNS(ns)      TNS(ns)  TNS Failing Endpoints  TNS Total Endpoints      WHS(ns)      THS(ns)  THS Failing Endpoints  THS Total Endpoints  
----------    ----------    --------          -------      -------  ---------------------  -------------------      -------      -------  ---------------------  -------------------  


------------------------------------------------------------------------------------------------
| User Ignored Path Table
| -----------------------
------------------------------------------------------------------------------------------------

Path Group    From Clock    To Clock    
----------    ----------    --------    


------------------------------------------------------------------------------------------------
| Unconstrained Path Table
| ------------------------
------------------------------------------------------------------------------------------------

Path Group    From Clock    To Clock    
----------    ----------    --------    
(none)                                    


------------------------------------------------------------------------------------------------
| Timing Details
| --------------
------------------------------------------------------------------------------------------------


--------------------------------------------------------------------------------------
Path Group:  (none)
From Clock:  
  To Clock:  

Max Delay             7 Endpoints
Min Delay             7 Endpoints
--------------------------------------------------------------------------------------


Max Delay Paths
--------------------------------------------------------------------------------------
Slack:                    inf
  Source:                 display[1]
                            (input port)
  Destination:            seg1[6]
                            (output port)
  Path Group:             (none)
  Path Type:              Max at Slow Process Corner
  Data Path Delay:        6.110ns  (logic 3.229ns (52.852%)  route 2.881ns (47.148%))
  Logic Levels:           3  (IBUF=1 LUT4=1 OBUF=1)

    Location             Delay type                Incr(ns)  Path(ns)    Netlist Resource(s)
  -------------------------------------------------------------------    -------------------
    AP27                                              0.000     0.000 f  display[1] (IN)
                         net (fo=0)                   0.000     0.000    display[1]
    AP27                 IBUF (Prop_ibuf_I_O)         0.733     0.733 f  display_IBUF[1]_inst/O
                         net (fo=6, routed)           1.363     2.096    display_IBUF[1]
    SLICE_X47Y55         LUT4 (Prop_lut4_I2_O)        0.063     2.159 r  seg1_OBUF[6]_inst_i_1/O
                         net (fo=1, routed)           1.518     3.677    seg1_OBUF[6]
    AN29                 OBUF (Prop_obuf_I_O)         2.434     6.110 r  seg1_OBUF[6]_inst/O
                         net (fo=0)                   0.000     6.110    seg1[6]
    AN29                                                              r  seg1[6] (OUT)
  -------------------------------------------------------------------    -------------------

Slack:                    inf
  Source:                 display[2]
                            (input port)
  Destination:            seg1[2]
                            (output port)
  Path Group:             (none)
  Path Type:              Max at Slow Process Corner
  Data Path Delay:        6.022ns  (logic 3.221ns (53.482%)  route 2.801ns (46.518%))
  Logic Levels:           3  (IBUF=1 LUT4=1 OBUF=1)

    Location             Delay type                Incr(ns)  Path(ns)    Netlist Resource(s)
  -------------------------------------------------------------------    -------------------
    AN27                                              0.000     0.000 r  display[2] (IN)
                         net (fo=0)                   0.000     0.000    display[2]
    AN27                 IBUF (Prop_ibuf_I_O)         0.739     0.739 r  display_IBUF[2]_inst/O
                         net (fo=7, routed)           1.362     2.101    display_IBUF[2]
    SLICE_X47Y55         LUT4 (Prop_lut4_I3_O)        0.063     2.164 r  seg1_OBUF[2]_inst_i_1/O
                         net (fo=1, routed)           1.440     3.604    seg1_OBUF[2]
    AM28                 OBUF (Prop_obuf_I_O)         2.418     6.022 r  seg1_OBUF[2]_inst/O
                         net (fo=0)                   0.000     6.022    seg1[2]
    AM28                                                              r  seg1[2] (OUT)
  -------------------------------------------------------------------    -------------------

Slack:                    inf
  Source:                 display[2]
                            (input port)
  Destination:            seg1[5]
                            (output port)
  Path Group:             (none)
  Path Type:              Max at Slow Process Corner
  Data Path Delay:        5.987ns  (logic 3.112ns (51.990%)  route 2.874ns (48.010%))
  Logic Levels:           3  (IBUF=1 LUT4=1 OBUF=1)

    Location             Delay type                Incr(ns)  Path(ns)    Netlist Resource(s)
  -------------------------------------------------------------------    -------------------
    AN27                                              0.000     0.000 r  display[2] (IN)
                         net (fo=0)                   0.000     0.000    display[2]
    AN27                 IBUF (Prop_ibuf_I_O)         0.739     0.739 r  display_IBUF[2]_inst/O
                         net (fo=7, routed)           1.362     2.101    display_IBUF[2]
    SLICE_X47Y55         LUT4 (Prop_lut4_I2_O)        0.053     2.154 r  seg1_OBUF[5]_inst_i_1/O
                         net (fo=1, routed)           1.513     3.666    seg1_OBUF[5]
    AP29                 OBUF (Prop_obuf_I_O)         2.320     5.987 r  seg1_OBUF[5]_inst/O
                         net (fo=0)                   0.000     5.987    seg1[5]
    AP29                                                              r  seg1[5] (OUT)
  -------------------------------------------------------------------    -------------------

Slack:                    inf
  Source:                 display[1]
                            (input port)
  Destination:            seg1[1]
                            (output port)
  Path Group:             (none)
  Path Type:              Max at Slow Process Corner
  Data Path Delay:        5.986ns  (logic 3.222ns (53.824%)  route 2.764ns (46.176%))
  Logic Levels:           3  (IBUF=1 LUT3=1 OBUF=1)

    Location             Delay type                Incr(ns)  Path(ns)    Netlist Resource(s)
  -------------------------------------------------------------------    -------------------
    AP27                                              0.000     0.000 r  display[1] (IN)
                         net (fo=0)                   0.000     0.000    display[1]
    AP27                 IBUF (Prop_ibuf_I_O)         0.733     0.733 r  display_IBUF[1]_inst/O
                         net (fo=6, routed)           1.364     2.097    display_IBUF[1]
    SLICE_X47Y55         LUT3 (Prop_lut3_I2_O)        0.068     2.165 r  seg1_OBUF[1]_inst_i_1/O
                         net (fo=1, routed)           1.400     3.565    seg1_OBUF[1]
    AN28                 OBUF (Prop_obuf_I_O)         2.421     5.986 r  seg1_OBUF[1]_inst/O
                         net (fo=0)                   0.000     5.986    seg1[1]
    AN28                                                              r  seg1[1] (OUT)
  -------------------------------------------------------------------    -------------------

Slack:                    inf
  Source:                 display[1]
                            (input port)
  Destination:            seg1[3]
                            (output port)
  Path Group:             (none)
  Path Type:              Max at Slow Process Corner
  Data Path Delay:        5.913ns  (logic 3.076ns (52.016%)  route 2.837ns (47.984%))
  Logic Levels:           3  (IBUF=1 LUT4=1 OBUF=1)

    Location             Delay type                Incr(ns)  Path(ns)    Netlist Resource(s)
  -------------------------------------------------------------------    -------------------
    AP27                                              0.000     0.000 r  display[1] (IN)
                         net (fo=0)                   0.000     0.000    display[1]
    AP27                 IBUF (Prop_ibuf_I_O)         0.733     0.733 r  display_IBUF[1]_inst/O
                         net (fo=6, routed)           1.363     2.096    display_IBUF[1]
    SLICE_X47Y55         LUT4 (Prop_lut4_I3_O)        0.053     2.149 r  seg1_OBUF[3]_inst_i_1/O
                         net (fo=1, routed)           1.475     3.623    seg1_OBUF[3]
    AN25                 OBUF (Prop_obuf_I_O)         2.290     5.913 r  seg1_OBUF[3]_inst/O
                         net (fo=0)                   0.000     5.913    seg1[3]
    AN25                                                              r  seg1[3] (OUT)
  -------------------------------------------------------------------    -------------------

Slack:                    inf
  Source:                 display[1]
                            (input port)
  Destination:            seg1[4]
                            (output port)
  Path Group:             (none)
  Path Type:              Max at Slow Process Corner
  Data Path Delay:        5.855ns  (logic 3.079ns (52.586%)  route 2.776ns (47.414%))
  Logic Levels:           3  (IBUF=1 LUT3=1 OBUF=1)

    Location             Delay type                Incr(ns)  Path(ns)    Netlist Resource(s)
  -------------------------------------------------------------------    -------------------
    AP27                                              0.000     0.000 r  display[1] (IN)
                         net (fo=0)                   0.000     0.000    display[1]
    AP27                 IBUF (Prop_ibuf_I_O)         0.733     0.733 r  display_IBUF[1]_inst/O
                         net (fo=6, routed)           1.364     2.097    display_IBUF[1]
    SLICE_X47Y55         LUT3 (Prop_lut3_I2_O)        0.053     2.150 r  seg1_OBUF[4]_inst_i_1/O
                         net (fo=1, routed)           1.412     3.562    seg1_OBUF[4]
    AM25                 OBUF (Prop_obuf_I_O)         2.293     5.855 r  seg1_OBUF[4]_inst/O
                         net (fo=0)                   0.000     5.855    seg1[4]
    AM25                                                              r  seg1[4] (OUT)
  -------------------------------------------------------------------    -------------------

Slack:                    inf
  Source:                 display[2]
                            (input port)
  Destination:            seg1[0]
                            (output port)
  Path Group:             (none)
  Path Type:              Max at Slow Process Corner
  Data Path Delay:        5.450ns  (logic 3.097ns (56.827%)  route 2.353ns (43.173%))
  Logic Levels:           3  (IBUF=1 LUT3=1 OBUF=1)

    Location             Delay type                Incr(ns)  Path(ns)    Netlist Resource(s)
  -------------------------------------------------------------------    -------------------
    AN27                                              0.000     0.000 r  display[2] (IN)
                         net (fo=0)                   0.000     0.000    display[2]
    AN27                 IBUF (Prop_ibuf_I_O)         0.739     0.739 r  display_IBUF[2]_inst/O
                         net (fo=7, routed)           0.983     1.722    display_IBUF[2]
    SLICE_X47Y53         LUT3 (Prop_lut3_I2_O)        0.053     1.775 r  seg1_OBUF[0]_inst_i_1/O
                         net (fo=1, routed)           1.370     3.145    seg1_OBUF[0]
    AP25                 OBUF (Prop_obuf_I_O)         2.305     5.450 r  seg1_OBUF[0]_inst/O
                         net (fo=0)                   0.000     5.450    seg1[0]
    AP25                                                              r  seg1[0] (OUT)
  -------------------------------------------------------------------    -------------------





Min Delay Paths
--------------------------------------------------------------------------------------
Slack:                    inf
  Source:                 display[0]
                            (input port)
  Destination:            seg1[0]
                            (output port)
  Path Group:             (none)
  Path Type:              Min at Fast Process Corner
  Data Path Delay:        2.172ns  (logic 1.243ns (57.239%)  route 0.929ns (42.761%))
  Logic Levels:           3  (IBUF=1 LUT3=1 OBUF=1)

    Location             Delay type                Incr(ns)  Path(ns)    Netlist Resource(s)
  -------------------------------------------------------------------    -------------------
    AF24                                              0.000     0.000 f  display[0] (IN)
                         net (fo=0)                   0.000     0.000    display[0]
    AF24                 IBUF (Prop_ibuf_I_O)         0.077     0.077 f  display_IBUF[0]_inst/O
                         net (fo=5, routed)           0.487     0.564    display_IBUF[0]
    SLICE_X47Y53         LUT3 (Prop_lut3_I1_O)        0.028     0.592 r  seg1_OBUF[0]_inst_i_1/O
                         net (fo=1, routed)           0.441     1.033    seg1_OBUF[0]
    AP25                 OBUF (Prop_obuf_I_O)         1.138     2.172 r  seg1_OBUF[0]_inst/O
                         net (fo=0)                   0.000     2.172    seg1[0]
    AP25                                                              r  seg1[0] (OUT)
  -------------------------------------------------------------------    -------------------

Slack:                    inf
  Source:                 display[2]
                            (input port)
  Destination:            seg1[3]
                            (output port)
  Path Group:             (none)
  Path Type:              Min at Fast Process Corner
  Data Path Delay:        2.285ns  (logic 1.292ns (56.531%)  route 0.993ns (43.469%))
  Logic Levels:           3  (IBUF=1 LUT4=1 OBUF=1)

    Location             Delay type                Incr(ns)  Path(ns)    Netlist Resource(s)
  -------------------------------------------------------------------    -------------------
    AN27                                              0.000     0.000 r  display[2] (IN)
                         net (fo=0)                   0.000     0.000    display[2]
    AN27                 IBUF (Prop_ibuf_I_O)         0.140     0.140 r  display_IBUF[2]_inst/O
                         net (fo=7, routed)           0.507     0.647    display_IBUF[2]
    SLICE_X47Y55         LUT4 (Prop_lut4_I2_O)        0.028     0.675 r  seg1_OBUF[3]_inst_i_1/O
                         net (fo=1, routed)           0.487     1.161    seg1_OBUF[3]
    AN25                 OBUF (Prop_obuf_I_O)         1.124     2.285 r  seg1_OBUF[3]_inst/O
                         net (fo=0)                   0.000     2.285    seg1[3]
    AN25                                                              r  seg1[3] (OUT)
  -------------------------------------------------------------------    -------------------

Slack:                    inf
  Source:                 display[2]
                            (input port)
  Destination:            seg1[4]
                            (output port)
  Path Group:             (none)
  Path Type:              Min at Fast Process Corner
  Data Path Delay:        2.314ns  (logic 1.295ns (55.961%)  route 1.019ns (44.039%))
  Logic Levels:           3  (IBUF=1 LUT3=1 OBUF=1)

    Location             Delay type                Incr(ns)  Path(ns)    Netlist Resource(s)
  -------------------------------------------------------------------    -------------------
    AN27                                              0.000     0.000 r  display[2] (IN)
                         net (fo=0)                   0.000     0.000    display[2]
    AN27                 IBUF (Prop_ibuf_I_O)         0.140     0.140 r  display_IBUF[2]_inst/O
                         net (fo=7, routed)           0.561     0.701    display_IBUF[2]
    SLICE_X47Y55         LUT3 (Prop_lut3_I1_O)        0.028     0.729 r  seg1_OBUF[4]_inst_i_1/O
                         net (fo=1, routed)           0.458     1.187    seg1_OBUF[4]
    AM25                 OBUF (Prop_obuf_I_O)         1.127     2.314 r  seg1_OBUF[4]_inst/O
                         net (fo=0)                   0.000     2.314    seg1[4]
    AM25                                                              r  seg1[4] (OUT)
  -------------------------------------------------------------------    -------------------

Slack:                    inf
  Source:                 display[2]
                            (input port)
  Destination:            seg1[1]
                            (output port)
  Path Group:             (none)
  Path Type:              Min at Fast Process Corner
  Data Path Delay:        2.354ns  (logic 1.350ns (57.344%)  route 1.004ns (42.656%))
  Logic Levels:           3  (IBUF=1 LUT3=1 OBUF=1)

    Location             Delay type                Incr(ns)  Path(ns)    Netlist Resource(s)
  -------------------------------------------------------------------    -------------------
    AN27                                              0.000     0.000 r  display[2] (IN)
                         net (fo=0)                   0.000     0.000    display[2]
    AN27                 IBUF (Prop_ibuf_I_O)         0.140     0.140 r  display_IBUF[2]_inst/O
                         net (fo=7, routed)           0.561     0.701    display_IBUF[2]
    SLICE_X47Y55         LUT3 (Prop_lut3_I1_O)        0.030     0.731 r  seg1_OBUF[1]_inst_i_1/O
                         net (fo=1, routed)           0.443     1.174    seg1_OBUF[1]
    AN28                 OBUF (Prop_obuf_I_O)         1.180     2.354 r  seg1_OBUF[1]_inst/O
                         net (fo=0)                   0.000     2.354    seg1[1]
    AN28                                                              r  seg1[1] (OUT)
  -------------------------------------------------------------------    -------------------

Slack:                    inf
  Source:                 display[1]
                            (input port)
  Destination:            seg1[2]
                            (output port)
  Path Group:             (none)
  Path Type:              Min at Fast Process Corner
  Data Path Delay:        2.379ns  (logic 1.343ns (56.467%)  route 1.036ns (43.533%))
  Logic Levels:           3  (IBUF=1 LUT4=1 OBUF=1)

    Location             Delay type                Incr(ns)  Path(ns)    Netlist Resource(s)
  -------------------------------------------------------------------    -------------------
    AP27                                              0.000     0.000 r  display[1] (IN)
                         net (fo=0)                   0.000     0.000    display[1]
    AP27                 IBUF (Prop_ibuf_I_O)         0.133     0.133 r  display_IBUF[1]_inst/O
                         net (fo=6, routed)           0.576     0.709    display_IBUF[1]
    SLICE_X47Y55         LUT4 (Prop_lut4_I2_O)        0.030     0.739 r  seg1_OBUF[2]_inst_i_1/O
                         net (fo=1, routed)           0.460     1.199    seg1_OBUF[2]
    AM28                 OBUF (Prop_obuf_I_O)         1.180     2.379 r  seg1_OBUF[2]_inst/O
                         net (fo=0)                   0.000     2.379    seg1[2]
    AM28                                                              r  seg1[2] (OUT)
  -------------------------------------------------------------------    -------------------

Slack:                    inf
  Source:                 display[2]
                            (input port)
  Destination:            seg1[6]
                            (output port)
  Path Group:             (none)
  Path Type:              Min at Fast Process Corner
  Data Path Delay:        2.381ns  (logic 1.361ns (57.168%)  route 1.020ns (42.832%))
  Logic Levels:           3  (IBUF=1 LUT4=1 OBUF=1)

    Location             Delay type                Incr(ns)  Path(ns)    Netlist Resource(s)
  -------------------------------------------------------------------    -------------------
    AN27                                              0.000     0.000 r  display[2] (IN)
                         net (fo=0)                   0.000     0.000    display[2]
    AN27                 IBUF (Prop_ibuf_I_O)         0.140     0.140 r  display_IBUF[2]_inst/O
                         net (fo=7, routed)           0.507     0.647    display_IBUF[2]
    SLICE_X47Y55         LUT4 (Prop_lut4_I3_O)        0.030     0.677 r  seg1_OBUF[6]_inst_i_1/O
                         net (fo=1, routed)           0.513     1.190    seg1_OBUF[6]
    AN29                 OBUF (Prop_obuf_I_O)         1.191     2.381 r  seg1_OBUF[6]_inst/O
                         net (fo=0)                   0.000     2.381    seg1[6]
    AN29                                                              r  seg1[6] (OUT)
  -------------------------------------------------------------------    -------------------

Slack:                    inf
  Source:                 display[1]
                            (input port)
  Destination:            seg1[5]
                            (output port)
  Path Group:             (none)
  Path Type:              Min at Fast Process Corner
  Data Path Delay:        2.395ns  (logic 1.315ns (54.917%)  route 1.080ns (45.083%))
  Logic Levels:           3  (IBUF=1 LUT4=1 OBUF=1)

    Location             Delay type                Incr(ns)  Path(ns)    Netlist Resource(s)
  -------------------------------------------------------------------    -------------------
    AP27                                              0.000     0.000 r  display[1] (IN)
                         net (fo=0)                   0.000     0.000    display[1]
    AP27                 IBUF (Prop_ibuf_I_O)         0.133     0.133 r  display_IBUF[1]_inst/O
                         net (fo=6, routed)           0.576     0.709    display_IBUF[1]
    SLICE_X47Y55         LUT4 (Prop_lut4_I3_O)        0.028     0.737 r  seg1_OBUF[5]_inst_i_1/O
                         net (fo=1, routed)           0.504     1.241    seg1_OBUF[5]
    AP29                 OBUF (Prop_obuf_I_O)         1.154     2.395 r  seg1_OBUF[5]_inst/O
                         net (fo=0)                   0.000     2.395    seg1[5]
    AP29                                                              r  seg1[5] (OUT)
  -------------------------------------------------------------------    -------------------





