
*** Running vivado
    with args -log slow_clock.vds -m64 -product Vivado -mode batch -messageDb vivado.pb -notrace -source slow_clock.tcl



****** Vivado v2025.1 (64-bit)
  **** SW Build 6140274 on Thu May 22 00:12:29 MDT 2025
  **** IP Build 6138677 on Thu May 22 03:10:11 MDT 2025
  **** SharedData Build 6139179 on Tue May 20 17:58:58 MDT 2025
  **** Start of session at: Tue Oct 21 12:09:57 2025
    ** Copyright 1986-2022 Xilinx, Inc. All Rights Reserved.
    ** Copyright 2022-2025 Advanced Micro Devices, Inc. All Rights Reserved.

source slow_clock.tcl -notrace
create_project: Time (s): cpu = 00:00:10 ; elapsed = 00:00:07 . Memory (MB): peak = 492.805 ; gain = 213.453
Command: synth_design -top slow_clock -part xc7a35tcpg236-1
Starting synth_design
Attempting to get a license for feature 'Synthesis' and/or device 'xc7a35t'
INFO: [Common 17-349] Got license for feature 'Synthesis' and/or device 'xc7a35t'
INFO: [Device 21-403] Loading part xc7a35tcpg236-1
INFO: [Synth 8-7079] Multithreading enabled for synth_design using a maximum of 2 processes.
INFO: [Synth 8-7078] Launching helper process for spawning children vivado processes
INFO: [Synth 8-7075] Helper process launched with PID 30516
---------------------------------------------------------------------------------
Starting RTL Elaboration : Time (s): cpu = 00:00:14 ; elapsed = 00:00:17 . Memory (MB): peak = 1173.207 ; gain = 490.660
---------------------------------------------------------------------------------
INFO: [Synth 8-6157] synthesizing module 'slow_clock' [C:/Users/vieta/OneDrive/Desktop/School Stuff/Fall 2025/FPGA/Project 2/project_1.srcs/sources_1/new/slow_clock.v:23]
INFO: [Synth 8-6155] done synthesizing module 'slow_clock' (0#1) [C:/Users/vieta/OneDrive/Desktop/School Stuff/Fall 2025/FPGA/Project 2/project_1.srcs/sources_1/new/slow_clock.v:23]
WARNING: [Synth 8-3330] design slow_clock has an empty top module
---------------------------------------------------------------------------------
Finished RTL Elaboration : Time (s): cpu = 00:00:18 ; elapsed = 00:00:21 . Memory (MB): peak = 1279.508 ; gain = 596.961
---------------------------------------------------------------------------------
---------------------------------------------------------------------------------
Start Handling Custom Attributes
---------------------------------------------------------------------------------
---------------------------------------------------------------------------------
Finished Handling Custom Attributes : Time (s): cpu = 00:00:18 ; elapsed = 00:00:22 . Memory (MB): peak = 1279.508 ; gain = 596.961
---------------------------------------------------------------------------------
---------------------------------------------------------------------------------
Finished RTL Optimization Phase 1 : Time (s): cpu = 00:00:18 ; elapsed = 00:00:22 . Memory (MB): peak = 1279.508 ; gain = 596.961
---------------------------------------------------------------------------------
Netlist sorting complete. Time (s): cpu = 00:00:00 ; elapsed = 00:00:00.001 . Memory (MB): peak = 1279.508 ; gain = 0.000
INFO: [Project 1-570] Preparing netlist for logic optimization

Processing XDC Constraints
Initializing timing engine
Parsing XDC File [C:/Users/vieta/OneDrive/Desktop/School Stuff/Fall 2025/FPGA/Project 2/project_1.srcs/constrs_1/new/leds.xdc]
WARNING: [Vivado 12-584] No ports matched 'CLK100MHZ'. [C:/Users/vieta/OneDrive/Desktop/School Stuff/Fall 2025/FPGA/Project 2/project_1.srcs/constrs_1/new/leds.xdc:2]
CRITICAL WARNING: [Common 17-55] 'set_property' expects at least one object. [C:/Users/vieta/OneDrive/Desktop/School Stuff/Fall 2025/FPGA/Project 2/project_1.srcs/constrs_1/new/leds.xdc:2]
Resolution: If [get_<value>] was used to populate the object, check to make sure this command returns at least one valid object.
WARNING: [Vivado 12-584] No ports matched 'CLK100MHZ'. [C:/Users/vieta/OneDrive/Desktop/School Stuff/Fall 2025/FPGA/Project 2/project_1.srcs/constrs_1/new/leds.xdc:3]
CRITICAL WARNING: [Common 17-55] 'set_property' expects at least one object. [C:/Users/vieta/OneDrive/Desktop/School Stuff/Fall 2025/FPGA/Project 2/project_1.srcs/constrs_1/new/leds.xdc:3]
Resolution: If [get_<value>] was used to populate the object, check to make sure this command returns at least one valid object.
WARNING: [Vivado 12-584] No ports matched 'CLK100MHZ'. [C:/Users/vieta/OneDrive/Desktop/School Stuff/Fall 2025/FPGA/Project 2/project_1.srcs/constrs_1/new/leds.xdc:4]
CRITICAL WARNING: [Vivado 12-4739] create_clock:No valid object(s) found for '-objects [get_ports CLK100MHZ]'. [C:/Users/vieta/OneDrive/Desktop/School Stuff/Fall 2025/FPGA/Project 2/project_1.srcs/constrs_1/new/leds.xdc:4]
Resolution: Check if the specified object(s) exists in the current design. If it does, ensure that the correct design hierarchy was specified for the object. If you are working with clocks, make sure create_clock was used to create the clock object before it is referenced.
WARNING: [Vivado 12-584] No ports matched 'sw[0]'. [C:/Users/vieta/OneDrive/Desktop/School Stuff/Fall 2025/FPGA/Project 2/project_1.srcs/constrs_1/new/leds.xdc:7]
CRITICAL WARNING: [Common 17-55] 'set_property' expects at least one object. [C:/Users/vieta/OneDrive/Desktop/School Stuff/Fall 2025/FPGA/Project 2/project_1.srcs/constrs_1/new/leds.xdc:7]
Resolution: If [get_<value>] was used to populate the object, check to make sure this command returns at least one valid object.
WARNING: [Vivado 12-584] No ports matched 'sw[0]'. [C:/Users/vieta/OneDrive/Desktop/School Stuff/Fall 2025/FPGA/Project 2/project_1.srcs/constrs_1/new/leds.xdc:8]
CRITICAL WARNING: [Common 17-55] 'set_property' expects at least one object. [C:/Users/vieta/OneDrive/Desktop/School Stuff/Fall 2025/FPGA/Project 2/project_1.srcs/constrs_1/new/leds.xdc:8]
Resolution: If [get_<value>] was used to populate the object, check to make sure this command returns at least one valid object.
WARNING: [Vivado 12-584] No ports matched 'sw[1]'. [C:/Users/vieta/OneDrive/Desktop/School Stuff/Fall 2025/FPGA/Project 2/project_1.srcs/constrs_1/new/leds.xdc:9]
CRITICAL WARNING: [Common 17-55] 'set_property' expects at least one object. [C:/Users/vieta/OneDrive/Desktop/School Stuff/Fall 2025/FPGA/Project 2/project_1.srcs/constrs_1/new/leds.xdc:9]
Resolution: If [get_<value>] was used to populate the object, check to make sure this command returns at least one valid object.
WARNING: [Vivado 12-584] No ports matched 'sw[1]'. [C:/Users/vieta/OneDrive/Desktop/School Stuff/Fall 2025/FPGA/Project 2/project_1.srcs/constrs_1/new/leds.xdc:10]
CRITICAL WARNING: [Common 17-55] 'set_property' expects at least one object. [C:/Users/vieta/OneDrive/Desktop/School Stuff/Fall 2025/FPGA/Project 2/project_1.srcs/constrs_1/new/leds.xdc:10]
Resolution: If [get_<value>] was used to populate the object, check to make sure this command returns at least one valid object.
WARNING: [Vivado 12-584] No ports matched 'sw[2]'. [C:/Users/vieta/OneDrive/Desktop/School Stuff/Fall 2025/FPGA/Project 2/project_1.srcs/constrs_1/new/leds.xdc:11]
CRITICAL WARNING: [Common 17-55] 'set_property' expects at least one object. [C:/Users/vieta/OneDrive/Desktop/School Stuff/Fall 2025/FPGA/Project 2/project_1.srcs/constrs_1/new/leds.xdc:11]
Resolution: If [get_<value>] was used to populate the object, check to make sure this command returns at least one valid object.
WARNING: [Vivado 12-584] No ports matched 'sw[2]'. [C:/Users/vieta/OneDrive/Desktop/School Stuff/Fall 2025/FPGA/Project 2/project_1.srcs/constrs_1/new/leds.xdc:12]
CRITICAL WARNING: [Common 17-55] 'set_property' expects at least one object. [C:/Users/vieta/OneDrive/Desktop/School Stuff/Fall 2025/FPGA/Project 2/project_1.srcs/constrs_1/new/leds.xdc:12]
Resolution: If [get_<value>] was used to populate the object, check to make sure this command returns at least one valid object.
WARNING: [Vivado 12-584] No ports matched 'sw[3]'. [C:/Users/vieta/OneDrive/Desktop/School Stuff/Fall 2025/FPGA/Project 2/project_1.srcs/constrs_1/new/leds.xdc:13]
CRITICAL WARNING: [Common 17-55] 'set_property' expects at least one object. [C:/Users/vieta/OneDrive/Desktop/School Stuff/Fall 2025/FPGA/Project 2/project_1.srcs/constrs_1/new/leds.xdc:13]
Resolution: If [get_<value>] was used to populate the object, check to make sure this command returns at least one valid object.
WARNING: [Vivado 12-584] No ports matched 'sw[3]'. [C:/Users/vieta/OneDrive/Desktop/School Stuff/Fall 2025/FPGA/Project 2/project_1.srcs/constrs_1/new/leds.xdc:14]
CRITICAL WARNING: [Common 17-55] 'set_property' expects at least one object. [C:/Users/vieta/OneDrive/Desktop/School Stuff/Fall 2025/FPGA/Project 2/project_1.srcs/constrs_1/new/leds.xdc:14]
Resolution: If [get_<value>] was used to populate the object, check to make sure this command returns at least one valid object.
WARNING: [Vivado 12-584] No ports matched 'sw[4]'. [C:/Users/vieta/OneDrive/Desktop/School Stuff/Fall 2025/FPGA/Project 2/project_1.srcs/constrs_1/new/leds.xdc:15]
CRITICAL WARNING: [Common 17-55] 'set_property' expects at least one object. [C:/Users/vieta/OneDrive/Desktop/School Stuff/Fall 2025/FPGA/Project 2/project_1.srcs/constrs_1/new/leds.xdc:15]
Resolution: If [get_<value>] was used to populate the object, check to make sure this command returns at least one valid object.
WARNING: [Vivado 12-584] No ports matched 'sw[4]'. [C:/Users/vieta/OneDrive/Desktop/School Stuff/Fall 2025/FPGA/Project 2/project_1.srcs/constrs_1/new/leds.xdc:16]
CRITICAL WARNING: [Common 17-55] 'set_property' expects at least one object. [C:/Users/vieta/OneDrive/Desktop/School Stuff/Fall 2025/FPGA/Project 2/project_1.srcs/constrs_1/new/leds.xdc:16]
Resolution: If [get_<value>] was used to populate the object, check to make sure this command returns at least one valid object.
WARNING: [Vivado 12-584] No ports matched 'sw[5]'. [C:/Users/vieta/OneDrive/Desktop/School Stuff/Fall 2025/FPGA/Project 2/project_1.srcs/constrs_1/new/leds.xdc:17]
CRITICAL WARNING: [Common 17-55] 'set_property' expects at least one object. [C:/Users/vieta/OneDrive/Desktop/School Stuff/Fall 2025/FPGA/Project 2/project_1.srcs/constrs_1/new/leds.xdc:17]
Resolution: If [get_<value>] was used to populate the object, check to make sure this command returns at least one valid object.
WARNING: [Vivado 12-584] No ports matched 'sw[5]'. [C:/Users/vieta/OneDrive/Desktop/School Stuff/Fall 2025/FPGA/Project 2/project_1.srcs/constrs_1/new/leds.xdc:18]
CRITICAL WARNING: [Common 17-55] 'set_property' expects at least one object. [C:/Users/vieta/OneDrive/Desktop/School Stuff/Fall 2025/FPGA/Project 2/project_1.srcs/constrs_1/new/leds.xdc:18]
Resolution: If [get_<value>] was used to populate the object, check to make sure this command returns at least one valid object.
WARNING: [Vivado 12-584] No ports matched 'seg[0]'. [C:/Users/vieta/OneDrive/Desktop/School Stuff/Fall 2025/FPGA/Project 2/project_1.srcs/constrs_1/new/leds.xdc:21]
CRITICAL WARNING: [Common 17-55] 'set_property' expects at least one object. [C:/Users/vieta/OneDrive/Desktop/School Stuff/Fall 2025/FPGA/Project 2/project_1.srcs/constrs_1/new/leds.xdc:21]
Resolution: If [get_<value>] was used to populate the object, check to make sure this command returns at least one valid object.
WARNING: [Vivado 12-584] No ports matched 'seg[0]'. [C:/Users/vieta/OneDrive/Desktop/School Stuff/Fall 2025/FPGA/Project 2/project_1.srcs/constrs_1/new/leds.xdc:22]
CRITICAL WARNING: [Common 17-55] 'set_property' expects at least one object. [C:/Users/vieta/OneDrive/Desktop/School Stuff/Fall 2025/FPGA/Project 2/project_1.srcs/constrs_1/new/leds.xdc:22]
Resolution: If [get_<value>] was used to populate the object, check to make sure this command returns at least one valid object.
WARNING: [Vivado 12-584] No ports matched 'seg[1]'. [C:/Users/vieta/OneDrive/Desktop/School Stuff/Fall 2025/FPGA/Project 2/project_1.srcs/constrs_1/new/leds.xdc:23]
CRITICAL WARNING: [Common 17-55] 'set_property' expects at least one object. [C:/Users/vieta/OneDrive/Desktop/School Stuff/Fall 2025/FPGA/Project 2/project_1.srcs/constrs_1/new/leds.xdc:23]
Resolution: If [get_<value>] was used to populate the object, check to make sure this command returns at least one valid object.
WARNING: [Vivado 12-584] No ports matched 'seg[1]'. [C:/Users/vieta/OneDrive/Desktop/School Stuff/Fall 2025/FPGA/Project 2/project_1.srcs/constrs_1/new/leds.xdc:24]
CRITICAL WARNING: [Common 17-55] 'set_property' expects at least one object. [C:/Users/vieta/OneDrive/Desktop/School Stuff/Fall 2025/FPGA/Project 2/project_1.srcs/constrs_1/new/leds.xdc:24]
Resolution: If [get_<value>] was used to populate the object, check to make sure this command returns at least one valid object.
WARNING: [Vivado 12-584] No ports matched 'seg[2]'. [C:/Users/vieta/OneDrive/Desktop/School Stuff/Fall 2025/FPGA/Project 2/project_1.srcs/constrs_1/new/leds.xdc:25]
CRITICAL WARNING: [Common 17-55] 'set_property' expects at least one object. [C:/Users/vieta/OneDrive/Desktop/School Stuff/Fall 2025/FPGA/Project 2/project_1.srcs/constrs_1/new/leds.xdc:25]
Resolution: If [get_<value>] was used to populate the object, check to make sure this command returns at least one valid object.
WARNING: [Vivado 12-584] No ports matched 'seg[2]'. [C:/Users/vieta/OneDrive/Desktop/School Stuff/Fall 2025/FPGA/Project 2/project_1.srcs/constrs_1/new/leds.xdc:26]
CRITICAL WARNING: [Common 17-55] 'set_property' expects at least one object. [C:/Users/vieta/OneDrive/Desktop/School Stuff/Fall 2025/FPGA/Project 2/project_1.srcs/constrs_1/new/leds.xdc:26]
Resolution: If [get_<value>] was used to populate the object, check to make sure this command returns at least one valid object.
WARNING: [Vivado 12-584] No ports matched 'seg[3]'. [C:/Users/vieta/OneDrive/Desktop/School Stuff/Fall 2025/FPGA/Project 2/project_1.srcs/constrs_1/new/leds.xdc:27]
CRITICAL WARNING: [Common 17-55] 'set_property' expects at least one object. [C:/Users/vieta/OneDrive/Desktop/School Stuff/Fall 2025/FPGA/Project 2/project_1.srcs/constrs_1/new/leds.xdc:27]
Resolution: If [get_<value>] was used to populate the object, check to make sure this command returns at least one valid object.
WARNING: [Vivado 12-584] No ports matched 'seg[3]'. [C:/Users/vieta/OneDrive/Desktop/School Stuff/Fall 2025/FPGA/Project 2/project_1.srcs/constrs_1/new/leds.xdc:28]
CRITICAL WARNING: [Common 17-55] 'set_property' expects at least one object. [C:/Users/vieta/OneDrive/Desktop/School Stuff/Fall 2025/FPGA/Project 2/project_1.srcs/constrs_1/new/leds.xdc:28]
Resolution: If [get_<value>] was used to populate the object, check to make sure this command returns at least one valid object.
WARNING: [Vivado 12-584] No ports matched 'seg[4]'. [C:/Users/vieta/OneDrive/Desktop/School Stuff/Fall 2025/FPGA/Project 2/project_1.srcs/constrs_1/new/leds.xdc:29]
CRITICAL WARNING: [Common 17-55] 'set_property' expects at least one object. [C:/Users/vieta/OneDrive/Desktop/School Stuff/Fall 2025/FPGA/Project 2/project_1.srcs/constrs_1/new/leds.xdc:29]
Resolution: If [get_<value>] was used to populate the object, check to make sure this command returns at least one valid object.
WARNING: [Vivado 12-584] No ports matched 'seg[4]'. [C:/Users/vieta/OneDrive/Desktop/School Stuff/Fall 2025/FPGA/Project 2/project_1.srcs/constrs_1/new/leds.xdc:30]
CRITICAL WARNING: [Common 17-55] 'set_property' expects at least one object. [C:/Users/vieta/OneDrive/Desktop/School Stuff/Fall 2025/FPGA/Project 2/project_1.srcs/constrs_1/new/leds.xdc:30]
Resolution: If [get_<value>] was used to populate the object, check to make sure this command returns at least one valid object.
WARNING: [Vivado 12-584] No ports matched 'seg[5]'. [C:/Users/vieta/OneDrive/Desktop/School Stuff/Fall 2025/FPGA/Project 2/project_1.srcs/constrs_1/new/leds.xdc:31]
CRITICAL WARNING: [Common 17-55] 'set_property' expects at least one object. [C:/Users/vieta/OneDrive/Desktop/School Stuff/Fall 2025/FPGA/Project 2/project_1.srcs/constrs_1/new/leds.xdc:31]
Resolution: If [get_<value>] was used to populate the object, check to make sure this command returns at least one valid object.
WARNING: [Vivado 12-584] No ports matched 'seg[5]'. [C:/Users/vieta/OneDrive/Desktop/School Stuff/Fall 2025/FPGA/Project 2/project_1.srcs/constrs_1/new/leds.xdc:32]
CRITICAL WARNING: [Common 17-55] 'set_property' expects at least one object. [C:/Users/vieta/OneDrive/Desktop/School Stuff/Fall 2025/FPGA/Project 2/project_1.srcs/constrs_1/new/leds.xdc:32]
Resolution: If [get_<value>] was used to populate the object, check to make sure this command returns at least one valid object.
WARNING: [Vivado 12-584] No ports matched 'seg[6]'. [C:/Users/vieta/OneDrive/Desktop/School Stuff/Fall 2025/FPGA/Project 2/project_1.srcs/constrs_1/new/leds.xdc:33]
CRITICAL WARNING: [Common 17-55] 'set_property' expects at least one object. [C:/Users/vieta/OneDrive/Desktop/School Stuff/Fall 2025/FPGA/Project 2/project_1.srcs/constrs_1/new/leds.xdc:33]
Resolution: If [get_<value>] was used to populate the object, check to make sure this command returns at least one valid object.
WARNING: [Vivado 12-584] No ports matched 'seg[6]'. [C:/Users/vieta/OneDrive/Desktop/School Stuff/Fall 2025/FPGA/Project 2/project_1.srcs/constrs_1/new/leds.xdc:34]
CRITICAL WARNING: [Common 17-55] 'set_property' expects at least one object. [C:/Users/vieta/OneDrive/Desktop/School Stuff/Fall 2025/FPGA/Project 2/project_1.srcs/constrs_1/new/leds.xdc:34]
Resolution: If [get_<value>] was used to populate the object, check to make sure this command returns at least one valid object.
WARNING: [Vivado 12-584] No ports matched 'an[0]'. [C:/Users/vieta/OneDrive/Desktop/School Stuff/Fall 2025/FPGA/Project 2/project_1.srcs/constrs_1/new/leds.xdc:37]
CRITICAL WARNING: [Common 17-55] 'set_property' expects at least one object. [C:/Users/vieta/OneDrive/Desktop/School Stuff/Fall 2025/FPGA/Project 2/project_1.srcs/constrs_1/new/leds.xdc:37]
Resolution: If [get_<value>] was used to populate the object, check to make sure this command returns at least one valid object.
WARNING: [Vivado 12-584] No ports matched 'an[0]'. [C:/Users/vieta/OneDrive/Desktop/School Stuff/Fall 2025/FPGA/Project 2/project_1.srcs/constrs_1/new/leds.xdc:38]
CRITICAL WARNING: [Common 17-55] 'set_property' expects at least one object. [C:/Users/vieta/OneDrive/Desktop/School Stuff/Fall 2025/FPGA/Project 2/project_1.srcs/constrs_1/new/leds.xdc:38]
Resolution: If [get_<value>] was used to populate the object, check to make sure this command returns at least one valid object.
WARNING: [Vivado 12-584] No ports matched 'an[1]'. [C:/Users/vieta/OneDrive/Desktop/School Stuff/Fall 2025/FPGA/Project 2/project_1.srcs/constrs_1/new/leds.xdc:39]
CRITICAL WARNING: [Common 17-55] 'set_property' expects at least one object. [C:/Users/vieta/OneDrive/Desktop/School Stuff/Fall 2025/FPGA/Project 2/project_1.srcs/constrs_1/new/leds.xdc:39]
Resolution: If [get_<value>] was used to populate the object, check to make sure this command returns at least one valid object.
WARNING: [Vivado 12-584] No ports matched 'an[1]'. [C:/Users/vieta/OneDrive/Desktop/School Stuff/Fall 2025/FPGA/Project 2/project_1.srcs/constrs_1/new/leds.xdc:40]
CRITICAL WARNING: [Common 17-55] 'set_property' expects at least one object. [C:/Users/vieta/OneDrive/Desktop/School Stuff/Fall 2025/FPGA/Project 2/project_1.srcs/constrs_1/new/leds.xdc:40]
Resolution: If [get_<value>] was used to populate the object, check to make sure this command returns at least one valid object.
WARNING: [Vivado 12-584] No ports matched 'an[2]'. [C:/Users/vieta/OneDrive/Desktop/School Stuff/Fall 2025/FPGA/Project 2/project_1.srcs/constrs_1/new/leds.xdc:41]
CRITICAL WARNING: [Common 17-55] 'set_property' expects at least one object. [C:/Users/vieta/OneDrive/Desktop/School Stuff/Fall 2025/FPGA/Project 2/project_1.srcs/constrs_1/new/leds.xdc:41]
Resolution: If [get_<value>] was used to populate the object, check to make sure this command returns at least one valid object.
WARNING: [Vivado 12-584] No ports matched 'an[2]'. [C:/Users/vieta/OneDrive/Desktop/School Stuff/Fall 2025/FPGA/Project 2/project_1.srcs/constrs_1/new/leds.xdc:42]
CRITICAL WARNING: [Common 17-55] 'set_property' expects at least one object. [C:/Users/vieta/OneDrive/Desktop/School Stuff/Fall 2025/FPGA/Project 2/project_1.srcs/constrs_1/new/leds.xdc:42]
Resolution: If [get_<value>] was used to populate the object, check to make sure this command returns at least one valid object.
WARNING: [Vivado 12-584] No ports matched 'an[3]'. [C:/Users/vieta/OneDrive/Desktop/School Stuff/Fall 2025/FPGA/Project 2/project_1.srcs/constrs_1/new/leds.xdc:43]
CRITICAL WARNING: [Common 17-55] 'set_property' expects at least one object. [C:/Users/vieta/OneDrive/Desktop/School Stuff/Fall 2025/FPGA/Project 2/project_1.srcs/constrs_1/new/leds.xdc:43]
Resolution: If [get_<value>] was used to populate the object, check to make sure this command returns at least one valid object.
WARNING: [Vivado 12-584] No ports matched 'an[3]'. [C:/Users/vieta/OneDrive/Desktop/School Stuff/Fall 2025/FPGA/Project 2/project_1.srcs/constrs_1/new/leds.xdc:44]
CRITICAL WARNING: [Common 17-55] 'set_property' expects at least one object. [C:/Users/vieta/OneDrive/Desktop/School Stuff/Fall 2025/FPGA/Project 2/project_1.srcs/constrs_1/new/leds.xdc:44]
Resolution: If [get_<value>] was used to populate the object, check to make sure this command returns at least one valid object.
Finished Parsing XDC File [C:/Users/vieta/OneDrive/Desktop/School Stuff/Fall 2025/FPGA/Project 2/project_1.srcs/constrs_1/new/leds.xdc]
Completed Processing XDC Constraints

Netlist sorting complete. Time (s): cpu = 00:00:00 ; elapsed = 00:00:00 . Memory (MB): peak = 1279.508 ; gain = 0.000
INFO: [Project 1-111] Unisim Transformation Summary:
No Unisim elements were transformed.

Constraint Validation Runtime : Time (s): cpu = 00:00:00 ; elapsed = 00:00:00.010 . Memory (MB): peak = 1279.508 ; gain = 0.000
---------------------------------------------------------------------------------
Finished Constraint Validation : Time (s): cpu = 00:00:38 ; elapsed = 00:00:44 . Memory (MB): peak = 1279.508 ; gain = 596.961
---------------------------------------------------------------------------------
---------------------------------------------------------------------------------
Start Loading Part and Timing Information
---------------------------------------------------------------------------------
Loading part: xc7a35tcpg236-1
---------------------------------------------------------------------------------
Finished Loading Part and Timing Information : Time (s): cpu = 00:00:38 ; elapsed = 00:00:44 . Memory (MB): peak = 1279.508 ; gain = 596.961
---------------------------------------------------------------------------------
---------------------------------------------------------------------------------
Start Applying 'set_property' XDC Constraints
---------------------------------------------------------------------------------
---------------------------------------------------------------------------------
Finished applying 'set_property' XDC Constraints : Time (s): cpu = 00:00:38 ; elapsed = 00:00:44 . Memory (MB): peak = 1279.508 ; gain = 596.961
---------------------------------------------------------------------------------
---------------------------------------------------------------------------------
Finished RTL Optimization Phase 2 : Time (s): cpu = 00:00:38 ; elapsed = 00:00:44 . Memory (MB): peak = 1279.508 ; gain = 596.961
---------------------------------------------------------------------------------
---------------------------------------------------------------------------------
Start RTL Component Statistics 
---------------------------------------------------------------------------------
Detailed RTL Component Info : 
---------------------------------------------------------------------------------
Finished RTL Component Statistics 
---------------------------------------------------------------------------------
---------------------------------------------------------------------------------
Start Part Resource Summary
---------------------------------------------------------------------------------
Part Resources:
DSPs: 90 (col length:60)
BRAMs: 100 (col length: RAMB18 60 RAMB36 30)
---------------------------------------------------------------------------------
Finished Part Resource Summary
---------------------------------------------------------------------------------
---------------------------------------------------------------------------------
Start Cross Boundary and Area Optimization
---------------------------------------------------------------------------------
WARNING: [Synth 8-7080] Parallel synthesis criteria is not met
WARNING: [Synth 8-3330] design slow_clock has an empty top module
---------------------------------------------------------------------------------
Finished Cross Boundary and Area Optimization : Time (s): cpu = 00:00:43 ; elapsed = 00:00:50 . Memory (MB): peak = 1293.906 ; gain = 611.359
---------------------------------------------------------------------------------
---------------------------------------------------------------------------------
Start Applying XDC Timing Constraints
---------------------------------------------------------------------------------
---------------------------------------------------------------------------------
Finished Applying XDC Timing Constraints : Time (s): cpu = 00:00:59 ; elapsed = 00:01:07 . Memory (MB): peak = 1465.953 ; gain = 783.406
---------------------------------------------------------------------------------
---------------------------------------------------------------------------------
Start Timing Optimization
---------------------------------------------------------------------------------
---------------------------------------------------------------------------------
Finished Timing Optimization : Time (s): cpu = 00:00:59 ; elapsed = 00:01:07 . Memory (MB): peak = 1465.953 ; gain = 783.406
---------------------------------------------------------------------------------
---------------------------------------------------------------------------------
Start Technology Mapping
---------------------------------------------------------------------------------
---------------------------------------------------------------------------------
Finished Technology Mapping : Time (s): cpu = 00:00:59 ; elapsed = 00:01:07 . Memory (MB): peak = 1475.766 ; gain = 793.219
---------------------------------------------------------------------------------
---------------------------------------------------------------------------------
Start IO Insertion
---------------------------------------------------------------------------------
---------------------------------------------------------------------------------
Start Flattening Before IO Insertion
---------------------------------------------------------------------------------
---------------------------------------------------------------------------------
Finished Flattening Before IO Insertion
---------------------------------------------------------------------------------
---------------------------------------------------------------------------------
Start Final Netlist Cleanup
---------------------------------------------------------------------------------
---------------------------------------------------------------------------------
Finished Final Netlist Cleanup
---------------------------------------------------------------------------------
---------------------------------------------------------------------------------
Finished IO Insertion : Time (s): cpu = 00:01:10 ; elapsed = 00:01:19 . Memory (MB): peak = 1711.168 ; gain = 1028.621
---------------------------------------------------------------------------------
---------------------------------------------------------------------------------
Start Renaming Generated Instances
---------------------------------------------------------------------------------
---------------------------------------------------------------------------------
Finished Renaming Generated Instances : Time (s): cpu = 00:01:10 ; elapsed = 00:01:19 . Memory (MB): peak = 1711.168 ; gain = 1028.621
---------------------------------------------------------------------------------
---------------------------------------------------------------------------------
Start Rebuilding User Hierarchy
---------------------------------------------------------------------------------
---------------------------------------------------------------------------------
Finished Rebuilding User Hierarchy : Time (s): cpu = 00:01:10 ; elapsed = 00:01:19 . Memory (MB): peak = 1711.168 ; gain = 1028.621
---------------------------------------------------------------------------------
---------------------------------------------------------------------------------
Start Renaming Generated Ports
---------------------------------------------------------------------------------
---------------------------------------------------------------------------------
Finished Renaming Generated Ports : Time (s): cpu = 00:01:10 ; elapsed = 00:01:19 . Memory (MB): peak = 1711.168 ; gain = 1028.621
---------------------------------------------------------------------------------
---------------------------------------------------------------------------------
Start Handling Custom Attributes
---------------------------------------------------------------------------------
---------------------------------------------------------------------------------
Finished Handling Custom Attributes : Time (s): cpu = 00:01:10 ; elapsed = 00:01:19 . Memory (MB): peak = 1711.168 ; gain = 1028.621
---------------------------------------------------------------------------------
---------------------------------------------------------------------------------
Start Renaming Generated Nets
---------------------------------------------------------------------------------
---------------------------------------------------------------------------------
Finished Renaming Generated Nets : Time (s): cpu = 00:01:10 ; elapsed = 00:01:19 . Memory (MB): peak = 1711.168 ; gain = 1028.621
---------------------------------------------------------------------------------
---------------------------------------------------------------------------------
Start Writing Synthesis Report
---------------------------------------------------------------------------------

Report BlackBoxes: 
+-+--------------+----------+
| |BlackBox name |Instances |
+-+--------------+----------+
+-+--------------+----------+

Report Cell Usage: 
+------+-----------+------+
|      |Cell       |Count |
+------+-----------+------+
|1     |slow_clock |     1|
+------+-----------+------+
---------------------------------------------------------------------------------
Finished Writing Synthesis Report : Time (s): cpu = 00:01:10 ; elapsed = 00:01:19 . Memory (MB): peak = 1711.168 ; gain = 1028.621
---------------------------------------------------------------------------------
Synthesis finished with 0 errors, 0 critical warnings and 2 warnings.
Synthesis Optimization Runtime : Time (s): cpu = 00:00:48 ; elapsed = 00:01:14 . Memory (MB): peak = 1711.168 ; gain = 1028.621
Synthesis Optimization Complete : Time (s): cpu = 00:01:10 ; elapsed = 00:01:19 . Memory (MB): peak = 1711.168 ; gain = 1028.621
INFO: [Project 1-571] Translating synthesized netlist
Netlist sorting complete. Time (s): cpu = 00:00:00 ; elapsed = 00:00:00 . Memory (MB): peak = 1711.168 ; gain = 0.000
INFO: [Project 1-570] Preparing netlist for logic optimization
INFO: [Opt 31-138] Pushed 0 inverter(s) to 0 load pin(s).
Netlist sorting complete. Time (s): cpu = 00:00:00 ; elapsed = 00:00:00 . Memory (MB): peak = 1723.984 ; gain = 0.000
INFO: [Project 1-111] Unisim Transformation Summary:
No Unisim elements were transformed.

Synth Design complete | Checksum: e9eaea01
INFO: [Common 17-83] Releasing license: Synthesis
14 Infos, 40 Warnings, 37 Critical Warnings and 0 Errors encountered.
synth_design completed successfully
synth_design: Time (s): cpu = 00:01:18 ; elapsed = 00:01:56 . Memory (MB): peak = 1723.984 ; gain = 1231.180
INFO: [runtcl-6] Synthesis results are not added to the cache due to CRITICAL_WARNING
INFO: [Common 17-1381] The checkpoint 'C:/Users/vieta/OneDrive/Desktop/School Stuff/Fall 2025/FPGA/Project 2/project_1.runs/synth_1/slow_clock.dcp' has been generated.
INFO: [Vivado 12-24828] Executing command : report_utilization -file slow_clock_utilization_synth.rpt -pb slow_clock_utilization_synth.pb
INFO: [Common 17-206] Exiting Vivado at Tue Oct 21 12:12:03 2025...
